ets Jul 29 2019 12:21:46

rst:0x1 (POWERON_RESET),boot:0x13 (SPI_FAST_FLASH_BOOT)
configsip: 0, SPIWP:0xee
clk_drv:0x00,q_drv:0x00,d_drv:0x00,cs0_drv:0x00,hd_drv:0x00,wp_drv:0x00
mode:DIO, clock div:2
load:0x3fff0030,len:6276
load:0x40078000,len:15748
load:0x40080400,len:4
ho 8 tail 4 room 4
load:0x40080404,len:3860
entry 0x4008063c
[0;32mI (31) boot: ESP-IDF v5.4.1-dirty 2nd stage bootloader[0m
[0;32mI (31) boot: compile time Jun 28 2025 16:18:05[0m
[0;32mI (31) boot: Multicore bootloader[0m
[0;32mI (33) boot: chip revision: v3.1[0m
[0;32mI (36) boot.esp32: SPI Speed      : 40MHz[0m
[0;32mI (40) boot.esp32: SPI Mode       : DIO[0m
[0;32mI (43) boot.esp32: SPI Flash Size : 2MB[0m
[0;32mI (47) boot: Enabling RNG early entropy source...[0m
[0;32mI (51) boot: Partition Table:[0m
[0;32mI (54) boot: ## Label            Usage          Type ST Offset   Length[0m
[0;32mI (60) boot:  0 nvs              WiFi data        01 02 00009000 00006000[0m
[0;32mI (67) boot:  1 phy_init         RF data          01 01 0000f000 00001000[0m
[0;32mI (73) boot:  2 factory          factory app      00 00 00010000 00100000[0m
[0;32mI (80) boot: End of partition table[0m
[0;32mI (83) esp_image: segment 0: paddr=00010020 vaddr=3f400020 size=15a6ch ( 88684) map[0m
[0;32mI (121) esp_image: segment 1: paddr=00025a94 vaddr=3ff80000 size=0001ch (    28) load[0m
[0;32mI (121) esp_image: segment 2: paddr=00025ab8 vaddr=3ffb0000 size=02404h (  9220) load[0m
[0;32mI (128) esp_image: segment 3: paddr=00027ec4 vaddr=40080000 size=08154h ( 33108) load[0m
[0;32mI (145) esp_image: segment 4: paddr=00030020 vaddr=400d0020 size=4f670h (325232) map[0m
[0;32mI (256) esp_image: segment 5: paddr=0007f698 vaddr=40088154 size=055f4h ( 22004) load[0m
[0;32mI (272) boot: Loaded app from partition at offset 0x10000[0m
[0;32mI (272) boot: Disabling RNG early entropy source...[0m
[0;32mI (282) cpu_start: Multicore app[0m
[0;32mI (291) cpu_start: Pro cpu start user code[0m
[0;32mI (291) cpu_start: cpu freq: 160000000 Hz[0m
[0;32mI (291) app_init: Application information:[0m
[0;32mI (291) app_init: Project name:     mqtt_led[0m
[0;32mI (295) app_init: App version:      1[0m
[0;32mI (298) app_init: Compile time:     Jun 28 2025 16:13:13[0m
[0;32mI (303) app_init: ELF file SHA256:  7ad35f445...[0m
[0;32mI (307) app_init: ESP-IDF:          v5.4.1-dirty[0m
[0;32mI (312) efuse_init: Min chip rev:     v0.0[0m
[0;32mI (316) efuse_init: Max chip rev:     v3.99 [0m
[0;32mI (320) efuse_init: Chip rev:         v3.1[0m
[0;32mI (324) heap_init: Initializing. RAM available for dynamic allocation:[0m
[0;32mI (330) heap_init: At 3FFAE6E0 len 00001920 (6 KiB): DRAM[0m
[0;32mI (335) heap_init: At 3FFB3A78 len 0002C588 (177 KiB): DRAM[0m
[0;32mI (340) heap_init: At 3FFE0440 len 00003AE0 (14 KiB): D/IRAM[0m
[0;32mI (345) heap_init: At 3FFE4350 len 0001BCB0 (111 KiB): D/IRAM[0m
[0;32mI (351) heap_init: At 4008D748 len 000128B8 (74 KiB): IRAM[0m
[0;32mI (358) spi_flash: detected chip: generic[0m
[0;32mI (360) spi_flash: flash io: dio[0m
[0;33mW (363) spi_flash: Detected size(4096k) larger than the size in the binary image header(2048k). Using the size in the binary image header.[0m
[0;32mI (376) main_task: Started on CPU0[0m
[0;32mI (386) main_task: Calling app_main()[0m
[0;32mI (386) gpio: GPIO[2]| InputEn: 0| OutputEn: 0| OpenDrain: 0| Pullup: 1| Pulldown: 0| Intr:0 [0m

assert failed: tcpip_send_msg_wait_sem /IDF/components/lwip/lwip/src/api/tcpip.c:454 (Invalid mbox)


Backtrace: 0x40081a35:0x3ffb7800 0x400859c1:0x3ffb7820 0x4008c045:0x3ffb7840 0x400feddf:0x3ffb7960 0x4010b32e:0x3ffb7990 0x400fcdb5:0x3ffb79d0 0x400dead1:0x3ffb7a60 0x400deddb:0x3ffb7ac0 0x400df307:0x3ffb7b30 0x400e06c9:0x3ffb7b50 0x4011bbf5:0x3ffb7b70 0x400d9a31:0x3ffb7b90 0x400862cd:0x3ffb7bc0




ELF file SHA256: 7ad35f445

Rebooting...
ets Jul 29 2019 12:21:46

rst:0xc (SW_CPU_RESET),boot:0x13 (SPI_FAST_FLASH_BOOT)
configsip: 0, SPIWP:0xee
clk_drv:0x00,q_drv:0x00,d_drv:0x00,cs0_drv:0x00,hd_drv:0x00,wp_drv:0x00
mode:DIO, clock div:2
load:0x3fff0030,len:6276
load:0x40078000,len:15748
load:0x40080400,len:4
ho 8 tail 4 room 4
load:0x40080404,len:3860
entry 0x4008063c
[0;32mI (31) boot: ESP-IDF v5.4.1-dirty 2nd stage bootloader[0m
[0;32mI (31) boot: compile time Jun 28 2025 16:18:05[0m
[0;32mI (31) boot: Multicore bootloader[0m
[0;32mI (33) boot: chip revision: v3.1[0m
[0;32mI (36) boot.esp32: SPI Speed      : 40MHz[0m
[0;32mI (39) boot.esp32: SPI Mode       : DIO[0m
[0;32mI (43) boot.esp32: SPI Flash Size : 2MB[0m
[0;32mI (47) boot: Enabling RNG early entropy source...[0m
[0;32mI (51) boot: Partition Table:[0m
[0;32mI (54) boot: ## Label            Usage          Type ST Offset   Length[0m
[0;32mI (60) boot:  0 nvs              WiFi data        01 02 00009000 00006000[0m
[0;32mI (67) boot:  1 phy_init         RF data          01 01 0000f000 00001000[0m
[0;32mI (73) boot:  2 factory          factory app      00 00 00010000 00100000[0m
[0;32mI (80) boot: End of partition table[0m
[0;32mI (83) esp_image: segment 0: paddr=00010020 vaddr=3f400020 size=15a6ch ( 88684) map[0m
[0;32mI (121) esp_image: segment 1: paddr=00025a94 vaddr=3ff80000 size=0001ch (    28) load[0m
[0;32mI (121) esp_image: segment 2: paddr=00025ab8 vaddr=3ffb0000 size=02404h (  9220) load[0m
[0;32mI (128) esp_image: segment 3: paddr=00027ec4 vaddr=40080000 size=08154h ( 33108) load[0m
[0;32mI (145) esp_image: segment 4: paddr=00030020 vaddr=400d0020 size=4f670h (325232) map[0m
[0;32mI (256) esp_image: segment 5: paddr=0007f698 vaddr=40088154 size=055f4h ( 22004) load[0m
[0;32mI (272) boot: Loaded app from partition at offset 0x10000[0m
[0;32mI (272) boot: Disabling RNG early entropy source...[0m
[0;32mI (282) cpu_start: Multicore app[0m
[0;32mI (290) cpu_start: Pro cpu start user code[0m
[0;32mI (290) cpu_start: cpu freq: 160000000 Hz[0m
[0;32mI (291) app_init: Application information:[0m
[0;32mI (291) app_init: Project name:     mqtt_led[0m
[0;32mI (295) app_init: App version:      1[0m
[0;32mI (298) app_init: Compile time:     Jun 28 2025 16:13:13[0m
[0;32mI (303) app_init: ELF file SHA256:  7ad35f445...[0m
[0;32mI (307) app_init: ESP-IDF:          v5.4.1-dirty[0m
[0;32mI (312) efuse_init: Min chip rev:     v0.0[0m
[0;32mI (315) efuse_init: Max chip rev:     v3.99 [0m
[0;32mI (319) efuse_init: Chip rev:         v3.1[0m
[0;32mI (324) heap_init: Initializing. RAM available for dynamic allocation:[0m
[0;32mI (330) heap_init: At 3FFAE6E0 len 00001920 (6 KiB): DRAM[0m
[0;32mI (335) heap_init: At 3FFB3A78 len 0002C588 (177 KiB): DRAM[0m
[0;32mI (340) heap_init: At 3FFE0440 len 00003AE0 (14 KiB): D/IRAM[0m
[0;32mI (345) heap_init: At 3FFE4350 len 0001BCB0 (111 KiB): D/IRAM[0m
[0;32mI (351) heap_init: At 4008D748 len 000128B8 (74 KiB): IRAM[0m
[0;32mI (358) spi_flash: detected chip: generic[0m
[0;32mI (360) spi_flash: flash io: dio[0m
[0;33mW (363) spi_flash: Detected size(4096k) larger than the size in the binary image header(2048k). Using the size in the binary image header.[0m
[0;32mI (376) main_task: Started on CPU0[0m
[0;32mI (386) main_task: Calling app_main()[0m
[0;32mI (386) gpio: GPIO[2]| InputEn: 0| OutputEn: 0| OpenDrain: 0| Pullup: 1| Pulldown: 0| Intr:0 [0m

assert failed: tcpip_send_msg_wait_sem /IDF/components/lwip/lwip/src/api/tcpip.c:454 (Invalid mbox)


Backtrace: 0x40081a35:0x3ffb7800 0x400859c1:0x3ffb7820 0x4008c045:0x3ffb7840 0x400feddf:0x3ffb7960 0x4010b32e:0x3ffb7990 0x400fcdb5:0x3ffb79d0 0x400dead1:0x3ffb7a60 0x400deddb:0x3ffb7ac0 0x400df307:0x3ffb7b30 0x400e06c9:0x3ffb7b50 0x4011bbf5:0x3ffb7b70 0x400d9a31:0x3ffb7b90 0x400862cd:0x3ffb7bc0




ELF file SHA256: 7ad35f445

Rebooting...
ets Jul 29 2019 12:21:46

rst:0xc (SW_CPU_RESET),boot:0x13 (SPI_FAST_FLASH_BOOT)
configsip: 0, SPIWP:0xee
clk_drv:0x00,q_drv:0x00,d_drv:0x00,cs0_drv:0x00,hd_drv:0x00,wp_drv:0x00
mode:DIO, clock div:2
load:0x3fff0030,len:6276
load:0x40078000,len:15748
load:0x40080400,len:4
ho 8 tail 4 room 4
load:0x40080404,len:3860
entry 0x4008063c
[0;32mI (31) boot: ESP-IDF v5.4.1-dirty 2nd stage bootloader[0m
[0;32mI (31) boot: compile time Jun 28 2025 16:18:05[0m
[0;32mI (31) boot: Multicore bootloader[0m
[0;32mI (33) boot: chip revision: v3.1[0m
[0;32mI (36) boot.esp32: SPI Speed      : 40MHz[0m
[0;32mI (39) boot.esp32: SPI Mode       : DIO[0m
[0;32mI (43) boot.esp32: SPI Flash Size : 2MB[0m
[0;32mI (47) boot: Enabling RNG early entropy source...[0m
[0;32mI (51) boot: Partition Table:[0m
[0;32mI (54) boot: ## Label            Usage          Type ST Offset   Length[0m
[0;32mI (60) boot:  0 nvs              WiFi data        01 02 00009000 00006000[0m
[0;32mI (67) boot:  1 phy_init         RF data          01 01 0000f000 00001000[0m
[0;32mI (73) boot:  2 factory          factory app      00 00 00010000 00100000[0m
[0;32mI (80) boot: End of partition table[0m
[0;32mI (83) esp_image: segment 0: paddr=00010020 vaddr=3f400020 size=15a6ch ( 88684) map[0m
[0;32mI (121) esp_image: segment 1: paddr=00025a94 vaddr=3ff80000 size=0001ch (    28) load[0m
[0;32mI (121) esp_image: segment 2: paddr=00025ab8 vaddr=3ffb0000 size=02404h (  9220) load[0m
[0;32mI (128) esp_image: segment 3: paddr=00027ec4 vaddr=40080000 size=08154h ( 33108) load[0m
[0;32mI (145) esp_image: segment 4: paddr=00030020 vaddr=400d0020 size=4f670h (325232) map[0m
[0;32mI (256) esp_image: segment 5: paddr=0007f698 vaddr=40088154 size=055f4h ( 22004) load[0m
[0;32mI (272) boot: Loaded app from partition at offset 0x10000[0m
[0;32mI (272) boot: Disabling RNG early entropy source...[0m
[0;32mI (282) cpu_start: Multicore app[0m
[0;32mI (290) cpu_start: Pro cpu start user code[0m
[0;32mI (290) cpu_start: cpu freq: 160000000 Hz[0m
[0;32mI (291) app_init: Application information:[0m
[0;32mI (291) app_init: Project name:     mqtt_led[0m
[0;32mI (295) app_init: App version:      1[0m
[0;32mI (298) app_init: Compile time:     Jun 28 2025 16:13:13[0m
[0;32mI (303) app_init: ELF file SHA256:  7ad35f445...[0m
[0;32mI (307) app_init: ESP-IDF:          v5.4.1-dirty[0m
[0;32mI (312) efuse_init: Min chip rev:     v0.0[0m
[0;32mI (315) efuse_init: Max chip rev:     v3.99 [0m
[0;32mI (319) efuse_init: Chip rev:         v3.1[0m
[0;32mI (324) heap_init: Initializing. RAM available for dynamic allocation:[0m
[0;32mI (330) heap_init: At 3FFAE6E0 len 00001920 (6 KiB): DRAM[0m
[0;32mI (335) heap_init: At 3FFB3A78 len 0002C588 (177 KiB): DRAM[0m
[0;32mI (340) heap_init: At 3FFE0440 len 00003AE0 (14 KiB): D/IRAM[0m
[0;32mI (345) heap_init: At 3FFE4350 len 0001BCB0 (111 KiB): D/IRAM[0m
[0;32mI (351) heap_init: At 4008D748 len 000128B8 (74 KiB): IRAM[0m
[0;32mI (358) spi_flash: detected chip: generic[0m
[0;32mI (360) spi_flash: flash io: dio[0m
[0;33mW (363) spi_flash: Detected size(4096k) larger than the size in the binary image header(2048k). Using the size in the binary image header.[0m
[0;32mI (376) main_task: Started on CPU0[0m
[0;32mI (386) main_task: Calling app_main()[0m
[0;32mI (386) gpio: GPIO[2]| InputEn: 0| OutputEn: 0| OpenDrain: 0| Pullup: 1| Pulldown: 0| Intr:0 [0m

assert failed: tcpip_send_msg_wait_sem /IDF/components/lwip/lwip/src/api/tcpip.c:454 (Invalid mbox)


Backtrace: 0x40081a35:0x3ffb7800 0x400859c1:0x3ffb7820 0x4008c045:0x3ffb7840 0x400feddf:0x3ffb7960 0x4010b32e:0x3ffb7990 0x400fcdb5:0x3ffb79d0 0x400dead1:0x3ffb7a60 0x400deddb:0x3ffb7ac0 0x400df307:0x3ffb7b30 0x400e06c9:0x3ffb7b50 0x4011bbf5:0x3ffb7b70 0x400d9a31:0x3ffb7b90 0x400862cd:0x3ffb7bc0




ELF file SHA256: 7ad35f445

Rebooting...
ets Jul 29 2019 12:21:46

rst:0xc (SW_CPU_RESET),boot:0x13 (SPI_FAST_FLASH_BOOT)
configsip: 0, SPIWP:0xee
clk_drv:0x00,q_drv:0x00,d_drv:0x00,cs0_drv:0x00,hd_drv:0x00,wp_drv:0x00
mode:DIO, clock div:2
load:0x3fff0030,len:6276
load:0x40078000,len:15748
load:0x40080400,len:4
ho 8 tail 4 room 4
load:0x40080404,len:3860
entry 0x4008063c
[0;32mI (31) boot: ESP-IDF v5.4.1-dirty 2nd stage bootloader[0m
[0;32mI (31) boot: compile time Jun 28 2025 16:18:05[0m
[0;32mI (31) boot: Multicore bootloader[0m
[0;32mI (33) boot: chip revision: v3.1[0m
[0;32mI (36) boot.esp32: SPI Speed      : 40MHz[0m
[0;32mI (39) boot.esp32: SPI Mode       : DIO[0m
[0;32mI (43) boot.esp32: SPI Flash Size : 2MB[0m
[0;32mI (47) boot: Enabling RNG early entropy source...[0m
[0;32mI (51) boot: Partition Table:[0m
[0;32mI (54) boot: ## Label            Usage          Type ST Offset   Length[0m
[0;32mI (60) boot:  0 nvs              WiFi data        01 02 00009000 00006000[0m
[0;32mI (67) boot:  1 phy_init         RF data          01 01 0000f000 00001000[0m
[0;32mI (73) boot:  2 factory          factory app      00 00 00010000 00100000[0m
[0;32mI (80) boot: End of partition table[0m
[0;32mI (83) esp_image: segment 0: paddr=00010020 vaddr=3f400020 size=15a6ch ( 88684) map[0m
[0;32mI (121) esp_image: segment 1: paddr=00025a94 vaddr=3ff80000 size=0001ch (    28) load[0m
[0;32mI (121) esp_image: segment 2: paddr=00025ab8 vaddr=3ffb0000 size=02404h (  9220) load[0m
[0;32mI (128) esp_image: segment 3: paddr=00027ec4 vaddr=40080000 size=08154h ( 33108) load[0m
[0;32mI (145) esp_image: segment 4: paddr=00030020 vaddr=400d0020 size=4f670h (325232) map[0m
[0;32mI (256) esp_image: segment 5: paddr=0007f698 vaddr=40088154 size=055f4h ( 22004) load[0m
[0;32mI (272) boot: Loaded app from partition at offset 0x10000[0m
[0;32mI (272) boot: Disabling RNG early entropy source...[0m
[0;32mI (282) cpu_start: Multicore app[0m
[0;32mI (290) cpu_start: Pro cpu start user code[0m
[0;32mI (290) cpu_start: cpu freq: 160000000 Hz[0m
[0;32mI (291) app_init: Application information:[0m
[0;32mI (291) app_init: Project name:     mqtt_led[0m
[0;32mI (295) app_init: App version:      1[0m
[0;32mI (298) app_init: Compile time:     Jun 28 2025 16:13:13[0m
[0;32mI (303) app_init: ELF file SHA256:  7ad35f445...[0m
[0;32mI (307) app_init: ESP-IDF:          v5.4.1-dirty[0m
[0;32mI (312) efuse_init: Min chip rev:     v0.0[0m
[0;32mI (315) efuse_init: Max chip rev:     v3.99 [0m
[0;32mI (319) efuse_init: Chip rev:         v3.1[0m
[0;32mI (324) heap_init: Initializing. RAM available for dynamic allocation:[0m
[0;32mI (330) heap_init: At 3FFAE6E0 len 00001920 (6 KiB): DRAM[0m
[0;32mI (335) heap_init: At 3FFB3A78 len 0002C588 (177 KiB): DRAM[0m
[0;32mI (340) heap_init: At 3FFE0440 len 00003AE0 (14 KiB): D/IRAM[0m
[0;32mI (345) heap_init: At 3FFE4350 len 0001BCB0 (111 KiB): D/IRAM[0m
[0;32mI (351) heap_init: At 4008D748 len 000128B8 (74 KiB): IRAM[0m
[0;32mI (358) spi_flash: detected chip: generic[0m
[0;32mI (360) spi_flash: flash io: dio[0m
[0;33mW (363) spi_flash: Detected size(4096k) larger than the size in the binary image header(2048k). Using the size in the binary image header.[0m
[0;32mI (376) main_task: Started on CPU0[0m
[0;32mI (386) main_task: Calling app_main()[0m
[0;32mI (386) gpio: GPIO[2]| InputEn: 0| OutputEn: 0| OpenDrain: 0| Pullup: 1| Pulldown: 0| Intr:0 [0m

assert failed: tcpip_send_msg_wait_sem /IDF/components/lwip/lwip/src/api/tcpip.c:454 (Invalid mbox)


Backtrace: 0x40081a35:0x3ffb7800 0x400859c1:0x3ffb7820 0x4008c045:0x3ffb7840 0x400feddf:0x3ffb7960 0x4010b32e:0x3ffb7990 0x400fcdb5:0x3ffb79d0 0x400dead1:0x3ffb7a60 0x400deddb:0x3ffb7ac0 0x400df307:0x3ffb7b30 0x400e06c9:0x3ffb7b50 0x4011bbf5:0x3ffb7b70 0x400d9a31:0x3ffb7b90 0x400862cd:0x3ffb7bc0




ELF file SHA256: 7ad35f445

Rebooting...
ets Jul 29 2019 12:21:46

rst:0xc (SW_CPU_RESET),boot:0x13 (SPI_FAST_FLASH_BOOT)
configsip: 0, SPIWP:0xee
clk_drv:0x00,q_drv:0x00,d_drv:0x00,cs0_drv:0x00,hd_drv:0x00,wp_drv:0x00
mode:DIO, clock div:2
load:0x3fff0030,len:6276
load:0x40078000,len:15748
load:0x40080400,len:4
ho 8 tail 4 room 4
load:0x40080404,len:3860
entry 0x4008063c
[0;32mI (31) boot: ESP-IDF v5.4.1-dirty 2nd stage bootloader[0m
[0;32mI (31) boot: compile time Jun 28 2025 16:18:05[0m
[0;32mI (31) boot: Multicore bootloader[0m
[0;32mI (33) boot: chip revision: v3.1[0m
[0;32mI (36) boot.esp32: SPI Speed      : 40MHz[0m
[0;32mI (39) boot.esp32: SPI Mode       : DIO[0m
[0;32mI (43) boot.esp32: SPI Flash Size : 2MB[0m
[0;32mI (47) boot: Enabling RNG early entropy source...[0m
[0;32mI (51) boot: Partition Table:[0m
[0;32mI (54) boot: ## Label            Usage          Type ST Offset   Length[0m
[0;32mI (60) boot:  0 nvs              WiFi data        01 02 00009000 00006000[0m
[0;32mI (67) boot:  1 phy_init         RF data          01 01 0000f000 00001000[0m
I (73) boot:  2 factory          factory app      00 00 00010000 00100000
[0;32mI (80) boot: End of partition table[0m
[0;32mI (83) esp_image: segment 0: paddr=00010020 vaddr=3f400020 size=15a6ch ( 88684) map[0m
[0;32mI (121) esp_image: segment 1: paddr=00025a94 vaddr=3ff80000 size=0001ch (    28) load[0m
[0;32mI (121) esp_image: segment 2: paddr=00025ab8 vaddr=3ffb0000 size=02404h (  9220) load[0m
[0;32mI (128) esp_image: segment 3: paddr=00027ec4 vaddr=40080000 size=08154h ( 33108) load[0m
[0;32mI (145) esp_image: segment 4: paddr=00030020 vaddr=400d0020 size=4f670h (325232) map[0m
[0;32mI (256) esp_image: segment 5: paddr=0007f698 vaddr=40088154 size=055f4h ( 22004) load[0m
[0;32mI (272) boot: Loaded app from partition at offset 0x10000[0m
[0;32mI (272) boot: Disabling RNG early entropy source...[0m
[0;32mI (282) cpu_start: Multicore app[0m
[0;32mI (290) cpu_start: Pro cpu start user code[0m
[0;32mI (290) cpu_start: cpu freq: 160000000 Hz[0m
[0;32mI (291) app_init: Application information:[0m
[0;32mI (291) app_init: Project name:     mqtt_led[0m
[0;32mI (295) app_init: App version:      1[0m
[0;32mI (298) app_init: Compile time:     Jun 28 2025 16:13:13[0m
[0;32mI (303) app_init: ELF file SHA256:  7ad35f445...[0m
[0;32mI (307) app_init: ESP-IDF:          v5.4.1-dirty[0m
[0;32mI (312) efuse_init: Min chip rev:     v0.0[0m
[0;32mI (315) efuse_init: Max chip rev:     v3.99 [0m
[0;32mI (319) efuse_init: Chip rev:         v3.1[0m
[0;32mI (324) heap_init: Initializing. RAM available for dynamic allocation:[0m
[0;32mI (330) heap_init: At 3FFAE6E0 len 00001920 (6 KiB): DRAM[0m
[0;32mI (335) heap_init: At 3FFB3A78 len 0002C588 (177 KiB): DRAM[0m
[0;32mI (340) heap_init: At 3FFE0440 len 00003AE0 (14 KiB): D/IRAM[0m
[0;32mI (345) heap_init: At 3FFE4350 len 0001BCB0 (111 KiB): D/IRAM[0m
[0;32mI (351) heap_init: At 4008D748 len 000128B8 (74 KiB): IRAM[0m
[0;32mI (358) spi_flash: detected chip: generic[0m
[0;32mI (360) spi_flash: flash io: dio[0m
[0;33mW (363) spi_flash: Detected size(4096k) larger than the size in the binary image header(2048k). Using the size in the binary image header.[0m
[0;32mI (376) main_task: Started on CPU0[0m
[0;32mI (386) main_task: Calling app_main()[0m
[0;32mI (386) gpio: GPIO[2]| InputEn: 0| OutputEn: 0| OpenDrain: 0| Pullup: 1| Pulldown: 0| Intr:0 [0m

assert failed: tcpip_send_msg_wait_sem /IDF/components/lwip/lwip/src/api/tcpip.c:454 (Invalid mbox)


Backtrace: 0x40081a35:0x3ffb7800 0x400859c1:0x3ffb7820 0x4008c045:0x3ffb7840 0x400feddf:0x3ffb7960 0x4010b32e:0x3ffb7990 0x400fcdb5:0x3ffb79d0 0x400dead1:0x3ffb7a60 0x400deddb:0x3ffb7ac0 0x400df307:0x3ffb7b30 0x400e06c9:0x3ffb7b50 0x4011bbf5:0x3ffb7b70 0x400d9a31:0x3ffb7b90 0x400862cd:0x3ffb7bc0




ELF file SHA256: 7ad35f445

Rebooting...
ets Jul 29 2019 12:21:46

rst:0xc (SW_CPU_RESET),boot:0x13 (SPI_FAST_FLASH_BOOT)
configsip: 0, SPIWP:0xee
clk_drv:0x00,q_drv:0x00,d_drv:0x00,cs0_drv:0x00,hd_drv:0x00,wp_drv:0x00
mode:DIO, clock div:2
load:0x3fff0030,len:6276
load:0x40078000,len:15748
load:0x40080400,len:4
ho 8 tail 4 room 4
load:0x40080404,len:3860
entry 0x4008063c
[0;32mI (31) boot: ESP-IDF v5.4.1-dirty 2nd stage bootloader[0m
[0;32mI (31) boot: compile time Jun 28 2025 16:18:05[0m
[0;32mI (31) boot: Multicore bootloader[0m
[0;32mI (33) boot: chip revision: v3.1[0m
[0;32mI (36) boot.esp32: SPI Speed      : 40MHz[0m
[0;32mI (39) boot.esp32: SPI Mode       : DIO[0m
[0;32mI (43) boot.esp32: SPI Flash Size : 2MB[0m
[0;32mI (47) boot: Enabling RNG early entropy source...[0m
[0;32mI (51) boot: Partition Table:[0m
[0;32mI (54) boot: ## Label            Usage          Type ST Offset   Length[0m
[0;32mI (60) boot:  0 nvs              WiFi data        01 02 00009000 00006000[0m
[0;32mI (67) boot:  1 phy_init         RF data          01 01 0000f000 00001000[0m
[0;32mI (73) boot:  2 factory          factory app      00 00 00010000 00100000[0m
[0;32mI (80) boot: End of partition table[0m
[0;32mI (83) esp_image: segment 0: paddr=00010020 vaddr=3f400020 size=15a6ch ( 88684) map[0m
[0;32mI (121) esp_image: segment 1: paddr=00025a94 vaddr=3ff80000 size=0001ch (    28) load[0m
[0;32mI (121) esp_image: segment 2: paddr=00025ab8 vaddr=3ffb0000 size=02404h (  9220) load[0m
[0;32mI (128) esp_image: segment 3: paddr=00027ec4 vaddr=40080000 size=08154h ( 33108) load[0m
[0;32mI (145) esp_image: segment 4: paddr=00030020 vaddr=400d0020 size=4f670h (325232) map[0m
[0;32mI (256) esp_image: segment 5: paddr=0007f698 vaddr=40088154 size=055f4h ( 22004) load[0m
[0;32mI (272) boot: Loaded app from partition at offset 0x10000[0m
[0;32mI (272) boot: Disabling RNG early entropy source...[0m
[0;32mI (282) cpu_start: Multicore app[0m
[0;32mI (290) cpu_start: Pro cpu start user code[0m
[0;32mI (290) cpu_start: cpu freq: 160000000 Hz[0m
[0;32mI (291) app_init: Application information:[0m
[0;32mI (291) app_init: Project name:     mqtt_led[0m
[0;32mI (295) app_init: App version:      1[0m
[0;32mI (298) app_init: Compile time:     Jun 28 2025 16:13:13[0m
[0;32mI (303) app_init: ELF file SHA256:  7ad35f445...[0m
[0;32mI (307) app_init: ESP-IDF:          v5.4.1-dirty[0m
[0;32mI (312) efuse_init: Min chip rev:     v0.0[0m
[0;32mI (315) efuse_init: Max chip rev:     v3.99 [0m
[0;32mI (319) efuse_init: Chip rev:         v3.1[0m
[0;32mI (324) heap_init: Initializing. RAM available for dynamic allocation:[0m
[0;32mI (330) heap_init: At 3FFAE6E0 len 00001920 (6 KiB): DRAM[0m
[0;32mI (335) heap_init: At 3FFB3A78 len 0002C588 (177 KiB): DRAM[0m
[0;32mI (340) heap_init: At 3FFE0440 len 00003AE0 (14 KiB): D/IRAM[0m
[0;32mI (345) heap_init: At 3FFE4350 len 0001BCB0 (111 KiB): D/IRAM[0m
[0;32mI (351) heap_init: At 4008D748 len 000128B8 (74 KiB): IRAM[0m
[0;32mI (358) spi_flash: detected chip: generic[0m
[0;32mI (360) spi_flash: flash io: dio[0m
[0;33mW (363) spi_flash: Detected size(4096k) larger than the size in the binary image header(2048k). Using the size in the binary image header.[0m
[0;32mI (376) main_task: Started on CPU0[0m
[0;32mI (386) main_task: Calling app_main()[0m
[0;32mI (386) gpio: GPIO[2]| InputEn: 0| OutputEn: 0| OpenDrain: 0| Pullup: 1| Pulldown: 0| Intr:0 [0m

assert failed: tcpip_send_msg_wait_sem /IDF/components/lwip/lwip/src/api/tcpip.c:454 (Invalid mbox)


Backtrace: 0x40081a35:0x3ffb7800 0x400859c1:0x3ffb7820 0x4008c045:0x3ffb7840 0x400feddf:0x3ffb7960 0x4010b32e:0x3ffb7990 0x400fcdb5:0x3ffb79d0 0x400dead1:0x3ffb7a60 0x400deddb:0x3ffb7ac0 0x400df307:0x3ffb7b30 0x400e06c9:0x3ffb7b50 0x4011bbf5:0x3ffb7b70 0x400d9a31:0x3ffb7b90 0x400862cd:0x3ffb7bc0




ELF file SHA256: 7ad35f445

Rebooting...
ets Jul 29 2019 12:21:46

rst:0xc (SW_CPU_RESET),boot:0x13 (SPI_FAST_FLASH_BOOT)
configsip: 0, SPIWP:0xee
clk_drv:0x00,q_drv:0x00,d_drv:0x00,cs0_drv:0x00,hd_drv:0x00,wp_drv:0x00
mode:DIO, clock div:2
load:0x3fff0030,len:6276
load:0x40078000,len:15748
load:0x40080400,len:4
ho 8 tail 4 room 4
load:0x40080404,len:3860
entry 0x4008063c
[0;32mI (31) boot: ESP-IDF v5.4.1-dirty 2nd stage bootloader[0m
[0;32mI (31) boot: compile time Jun 28 2025 16:18:05[0m
[0;32mI (31) boot: Multicore bootloader[0m
[0;32mI (33) boot: chip revision: v3.1[0m
[0;32mI (36) boot.esp32: SPI Speed      : 40MHz[0m
[0;32mI (39) boot.esp32: SPI Mode       : DIO[0m
[0;32mI (43) boot.esp32: SPI Flash Size : 2MB[0m
[0;32mI (47) boot: Enabling RNG early entropy source...[0m
[0;32mI (51) boot: Partition Table:[0m
[0;32mI (54) boot: ## Label            Usage          Type ST Offset   Length[0m
[0;32mI (60) boot:  0 nvs              WiFi data        01 02 00009000 00006000[0m
[0;32mI (67) boot:  1 phy_init         RF data          01 01 0000f000 00001000[0m
[0;32mI (73) boot:  2 factory          factory app      00 00 00010000 00100000[0m
[0;32mI (80) boot: End of partition table[0m
[0;32mI (83) esp_image: segment 0: paddr=00010020 vaddr=3f400020 size=15a6ch ( 88684) map[0m
[0;32mI (121) esp_image: segment 1: paddr=00025a94 vaddr=3ff80000 size=0001ch (    28) load[0m
[0;32mI (121) esp_image: segment 2: paddr=00025ab8 vaddr=3ffb0000 size=02404h (  9220) load[0m
[0;32mI (128) esp_image: segment 3: paddr=00027ec4 vaddr=40080000 size=08154h ( 33108) load[0m
[0;32mI (145) esp_image: segment 4: paddr=00030020 vaddr=400d0020 size=4f670h (325232) map[0m
[0;32mI (256) esp_image: segment 5: paddr=0007f698 vaddr=40088154 size=055f4h ( 22004) load[0m
[0;32mI (272) boot: Loaded app from partition at offset 0x10000[0m
[0;32mI (272) boot: Disabling RNG early entropy source...[0m
[0;32mI (282) cpu_start: Multicore app[0m
[0;32mI (290) cpu_start: Pro cpu start user code[0m
[0;32mI (290) cpu_start: cpu freq: 160000000 Hz[0m
[0;32mI (291) app_init: Application information:[0m
[0;32mI (291) app_init: Project name:     mqtt_led[0m
[0;32mI (295) app_init: App version:      1[0m
[0;32mI (298) app_init: Compile time:     Jun 28 2025 16:13:13[0m
[0;32mI (303) app_init: ELF file SHA256:  7ad35f445...[0m
[0;32mI (307) app_init: ESP-IDF:          v5.4.1-dirty[0m
[0;32mI (312) efuse_init: Min chip rev:     v0.0[0m
[0;32mI (315) efuse_init: Max chip rev:     v3.99 [0m
[0;32mI (319) efuse_init: Chip rev:         v3.1[0m
[0;32mI (324) heap_init: Initializing. RAM available for dynamic allocation:[0m
[0;32mI (330) heap_init: At 3FFAE6E0 len 00001920 (6 KiB): DRAM[0m
[0;32mI (335) heap_init: At 3FFB3A78 len 0002C588 (177 KiB): DRAM[0m
[0;32mI (340) heap_init: At 3FFE0440 len 00003AE0 (14 KiB): D/IRAM[0m
[0;32mI (345) heap_init: At 3FFE4350 len 0001BCB0 (111 KiB): D/IRAM[0m
[0;32mI (351) heap_init: At 4008D748 len 000128B8 (74 KiB): IRAM[0m
[0;32mI (358) spi_flash: detected chip: generic[0m
[0;32mI (360) spi_flash: flash io: dio[0m
[0;33mW (363) spi_flash: Detected size(4096k) larger than the size in the binary image header(2048k). Using the size in the binary image header.[0m
[0;32mI (376) main_task: Started on CPU0[0m
[0;32mI (386) main_task: Calling app_main()[0m
[0;32mI (386) gpio: GPIO[2]| InputEn: 0| OutputEn: 0| OpenDrain: 0| Pullup: 1| Pulldown: 0| Intr:0 [0m

assert failed: tcpip_send_msg_wait_sem /IDF/components/lwip/lwip/src/api/tcpip.c:454 (Invalid mbox)


Backtrace: 0x40081a35:0x3ffb7800 0x400859c1:0x3ffb7820 0x4008c045:0x3ffb7840 0x400feddf:0x3ffb7960 0x4010b32e:0x3ffb7990 0x400fcdb5:0x3ffb79d0 0x400dead1:0x3ffb7a60 0x400deddb:0x3ffb7ac0 0x400df307:0x3ffb7b30 0x400e06c9:0x3ffb7b50 0x4011bbf5:0x3ffb7b70 0x400d9a31:0x3ffb7b90 0x400862cd:0x3ffb7bc0




ELF file SHA256: 7ad35f445

Rebooting...
ets Jul 29 2019 12:21:46

rst:0xc (SW_CPU_RESET),boot:0x13 (SPI_FAST_FLASH_BOOT)
configsip: 0, SPIWP:0xee
clk_drv:0x00,q_drv:0x00,d_drv:0x00,cs0_drv:0x00,hd_drv:0x00,wp_drv:0x00
mode:DIO, clock div:2
load:0x3fff0030,len:6276
load:0x40078000,len:15748
load:0x40080400,len:4
ho 8 tail 4 room 4
load:0x40080404,len:3860
entry 0x4008063c
[0;32mI (31) boot: ESP-IDF v5.4.1-dirty 2nd stage bootloader[0m
[0;32mI (31) boot: compile time Jun 28 2025 16:18:05[0m
[0;32mI (31) boot: Multicore bootloader[0m
[0;32mI (33) boot: chip revision: v3.1[0m
[0;32mI (36) boot.esp32: SPI Speed      : 40MHz[0m
[0;32mI (39) boot.esp32: SPI Mode       : DIO[0m
[0;32mI (43) boot.esp32: SPI Flash Size : 2MB[0m
[0;32mI (47) boot: Enabling RNG early entropy source...[0m
[0;32mI (51) boot: Partition Table:[0m
[0;32mI (54) boot: ## Label            Usage          Type ST Offset   Length[0m
[0;32mI (60) boot:  0 nvs              WiFi data        01 02 00009000 00006000[0m
[0;32mI (67) boot:  1 phy_init         RF data          01 01 0000f000 00001000[0m
[0;32mI (73) boot:  2 factory          factory app      00 00 00010000 00100000[0m
[0;32mI (80) boot: End of partition table[0m
[0;32mI (83) esp_image: segment 0: paddr=00010020 vaddr=3f400020 size=15a6ch ( 88684) map[0m
[0;32mI (121) esp_image: segment 1: paddr=00025a94 vaddr=3ff80000 size=0001ch (    28) load[0m
[0;32mI (121) esp_image: segment 2: paddr=00025ab8 vaddr=3ffb0000 size=02404h (  9220) load[0m
[0;32mI (128) esp_image: segment 3: paddr=00027ec4 vaddr=40080000 size=08154h ( 33108) load[0m
[0;32mI (145) esp_image: segment 4: paddr=00030020 vaddr=400d0020 size=4f670h (325232) map[0m
[0;32mI (256) esp_image: segment 5: paddr=0007f698 vaddr=40088154 size=055f4h ( 22004) load[0m
[0;32mI (272) boot: Loaded app from partition at offset 0x10000[0m
[0;32mI (272) boot: Disabling RNG early entropy source...[0m
[0;32mI (282) cpu_start: Multicore app[0m
[0;32mI (290) cpu_start: Pro cpu start user code[0m
[0;32mI (290) cpu_start: cpu freq: 160000000 Hz[0m
[0;32mI (291) app_init: Application information:[0m
[0;32mI (291) app_init: Project name:     mqtt_led[0m
[0;32mI (295) app_init: App version:      1[0m
[0;32mI (298) app_init: Compile time:     Jun 28 2025 16:13:13[0m
[0;32mI (303) app_init: ELF file SHA256:  7ad35f445...[0m
[0;32mI (307) app_init: ESP-IDF:          v5.4.1-dirty[0m
[0;32mI (312) efuse_init: Min chip rev:     v0.0[0m
[0;32mI (315) efuse_init: Max chip rev:     v3.99 [0m
[0;32mI (319) efuse_init: Chip rev:         v3.1[0m
[0;32mI (324) heap_init: Initializing. RAM available for dynamic allocation:[0m
[0;32mI (330) heap_init: At 3FFAE6E0 len 00001920 (6 KiB): DRAM[0m
I (335) heap_init: At 3FFB3A78 len 0002C588 (177 KiB): DRAM
[0;32mI (340) heap_init: At 3FFE0440 len 00003AE0 (14 KiB): D/IRAM[0m
[0;32mI (345) heap_init: At 3FFE4350 len 0001BCB0 (111 KiB): D/IRAM[0m
[0;32mI (351) heap_init: At 4008D748 len 000128B8 (74 KiB): IRAM[0m
[0;32mI (358) spi_flash: detected chip: generic[0m
[0;32mI (360) spi_flash: flash io: dio[0m
[0;33mW (363) spi_flash: Detected size(4096k) larger than the size in the binary image header(2048k). Using the size in the binary image header.[0m
[0;32mI (376) main_task: Started on CPU0[0m
[0;32mI (386) main_task: Calling app_main()[0m
[0;32mI (386) gpio: GPIO[2]| InputEn: 0| OutputEn: 0| OpenDrain: 0| Pullup: 1| Pulldown: 0| Intr:0 [0m

assert failed: tcpip_send_msg_wait_sem /IDF/components/lwip/lwip/src/api/tcpip.c:454 (Invalid mbox)


Backtrace: 0x40081a35:0x3ffb7800 0x400859c1:0x3ffb7820 0x4008c045:0x3ffb7840 0x400feddf:0x3ffb7960 0x4010b32e:0x3ffb7990 0x400fcdb5:0x3ffb79d0 0x400dead1:0x3ffb7a60 0x400deddb:0x3ffb7ac0 0x400df307:0x3ffb7b30 0x400e06c9:0x3ffb7b50 0x4011bbf5:0x3ffb7b70 0x400d9a31:0x3ffb7b90 0x400862cd:0x3ffb7bc0




ELF file SHA256: 7ad35f445

Rebooting...
ets Jul 29 2019 12:21:46

rst:0xc (SW_CPU_RESET),boot:0x13 (SPI_FAST_FLASH_BOOT)
configsip: 0, SPIWP:0xee
clk_drv:0x00,q_drv:0x00,d_drv:0x00,cs0_drv:0x00,hd_drv:0x00,wp_drv:0x00
mode:DIO, clock div:2
load:0x3fff0030,len:6276
load:0x40078000,len:15748
load:0x40080400,len:4
ho 8 tail 4 room 4
load:0x40080404,len:3860
entry 0x4008063c
[0;32mI (31) boot: ESP-IDF v5.4.1-dirty 2nd stage bootloader[0m
[0;32mI (31) boot: compile time Jun 28 2025 16:18:05[0m
[0;32mI (31) boot: Multicore bootloader[0m
[0;32mI (33) boot: chip revision: v3.1[0m
[0;32mI (36) boot.esp32: SPI Speed      : 40MHz[0m
[0;32mI (39) boot.esp32: SPI Mode       : DIO[0m
[0;32mI (43) boot.esp32: SPI Flash Size : 2MB[0m
[0;32mI (47) boot: Enabling RNG early entropy source...[0m
[0;32mI (51) boot: Partition Table:[0m
[0;32mI (54) boot: ## Label            Usage          Type ST Offset   Length[0m
[0;32mI (60) boot:  0 nvs              WiFi data        01 02 00009000 00006000[0m
[0;32mI (67) boot:  1 phy_init         RF data          01 01 0000f000 00001000[0m
[0;32mI (73) boot:  2 factory          factory app      00 00 00010000 00100000[0m
[0;32mI (80) boot: End of partition table[0m
[0;32mI (83) esp_image: segment 0: paddr=00010020 vaddr=3f400020 size=15a6ch ( 88684) map[0m
[0;32mI (121) esp_image: segment 1: paddr=00025a94 vaddr=3ff80000 size=0001ch (    28) load[0m
[0;32mI (121) esp_image: segment 2: paddr=00025ab8 vaddr=3ffb0000 size=02404h (  9220) load[0m
[0;32mI (128) esp_image: segment 3: paddr=00027ec4 vaddr=40080000 size=08154h ( 33108) load[0m
[0;32mI (145) esp_image: segment 4: paddr=00030020 vaddr=400d0020 size=4f670h (325232) map[0m
[0;32mI (256) esp_image: segment 5: paddr=0007f698 vaddr=40088154 size=055f4h ( 22004) load[0m
[0;32mI (272) boot: Loaded app from partition at offset 0x10000[0m
[0;32mI (272) boot: Disabling RNG early entropy source...[0m
[0;32mI (282) cpu_start: Multicore app[0m
[0;32mI (290) cpu_start: Pro cpu start user code[0m
[0;32mI (290) cpu_start: cpu freq: 160000000 Hz[0m
[0;32mI (291) app_init: Application information:[0m
[0;32mI (291) app_init: Project name:     mqtt_led[0m
[0;32mI (295) app_init: App version:      1[0m
[0;32mI (298) app_init: Compile time:     Jun 28 2025 16:13:13[0m
[0;32mI (303) app_init: ELF file SHA256:  7ad35f445...[0m
[0;32mI (307) app_init: ESP-IDF:          v5.4.1-dirty[0m
[0;32mI (312) efuse_init: Min chip rev:     v0.0[0m
[0;32mI (315) efuse_init: Max chip rev:     v3.99 [0m
[0;32mI (319) efuse_init: Chip rev:         v3.1[0m
[0;32mI (324) heap_init: Initializing. RAM available for dynamic allocation:[0m
[0;32mI (330) heap_init: At 3FFAE6E0 len 00001920 (6 KiB): DRAM[0m
[0;32mI (335) heap_init: At 3FFB3A78 len 0002C588 (177 KiB): DRAM[0m
[0;32mI (340) heap_init: At 3FFE0440 len 00003AE0 (14 KiB): D/IRAM[0m
[0;32mI (345) heap_init: At 3FFE4350 len 0001BCB0 (111 KiB): D/IRAM[0m
[0;32mI (351) heap_init: At 4008D748 len 000128B8 (74 KiB): IRAM[0m
[0;32mI (358) spi_flash: detected chip: generic[0m
[0;32mI (360) spi_flash: flash io: dio[0m
[0;33mW (363) spi_flash: Detected size(4096k) larger than the size in the binary image header(2048k). Using the size in the binary image header.[0m
[0;32mI (376) main_task: Started on CPU0[0m
[0;32mI (386) main_task: Calling app_main()[0m
[0;32mI (386) gpio: GPIO[2]| InputEn: 0| OutputEn: 0| OpenDrain: 0| Pullup: 1| Pulldown: 0| Intr:0 [0m

assert failed: tcpip_send_msg_wait_sem /IDF/components/lwip/lwip/src/api/tcpip.c:454 (Invalid mbox)


Backtrace: 0x40081a35:0x3ffb7800 0x400859c1:0x3ffb7820 0x4008c045:0x3ffb7840 0x400feddf:0x3ffb7960 0x4010b32e:0x3ffb7990 0x400fcdb5:0x3ffb79d0 0x400dead1:0x3ffb7a60 0x400deddb:0x3ffb7ac0 0x400df307:0x3ffb7b30 0x400e06c9:0x3ffb7b50 0x4011bbf5:0x3ffb7b70 0x400d9a31:0x3ffb7b90 0x400862cd:0x3ffb7bc0




ELF file SHA256: 7ad35f445

Rebooting...
ets Jul 29 2019 12:21:46

rst:0xc (SW_CPU_RESET),boot:0x13 (SPI_FAST_FLASH_BOOT)
configsip: 0, SPIWP:0xee
clk_drv:0x00,q_drv:0x00,d_drv:0x00,cs0_drv:0x00,hd_drv:0x00,wp_drv:0x00
mode:DIO, clock div:2
load:0x3fff0030,len:6276
load:0x40078000,len:15748
load:0x40080400,len:4
ho 8 tail 4 room 4
load:0x40080404,len:3860
entry 0x4008063c
[0;32mI (31) boot: ESP-IDF v5.4.1-dirty 2nd stage bootloader[0m
[0;32mI (31) boot: compile time Jun 28 2025 16:18:05[0m
[0;32mI (31) boot: Multicore bootloader[0m
[0;32mI (33) boot: chip revision: v3.1[0m
[0;32mI (36) boot.esp32: SPI Speed      : 40MHz[0m
[0;32mI (39) boot.esp32: SPI Mode       : DIO[0m
[0;32mI (43) boot.esp32: SPI Flash Size : 2MB[0m
[0;32mI (47) boot: Enabling RNG early entropy source...[0m
[0;32mI (51) boot: Partition Table:[0m
[0;32mI (54) boot: ## Label            Usage          Type ST Offset   Length[0m
[0;32mI (60) boot:  0 nvs              WiFi data        01 02 00009000 00006000[0m
[0;32mI (67) boot:  1 phy_init         RF data          01 01 0000f000 00001000[0m
[0;32mI (73) boot:  2 factory          factory app      00 00 00010000 00100000[0m
[0;32mI (80) boot: End of partition table[0m
[0;32mI (83) esp_image: segment 0: paddr=00010020 vaddr=3f400020 size=15a6ch ( 88684) map[0m
[0;32mI (121) esp_image: segment 1: paddr=00025a94 vaddr=3ff80000 size=0001ch (    28) load[0m
[0;32mI (121) esp_image: segment 2: paddr=00025ab8 vaddr=3ffb0000 size=02404h (  9220) load[0m
[0;32mI (128) esp_image: segment 3: paddr=00027ec4 vaddr=40080000 size=08154h ( 33108) load[0m
[0;32mI (145) esp_image: segment 4: paddr=00030020 vaddr=400d0020 size=4f670h (325232) map[0m
[0;32mI (256) esp_image: segment 5: paddr=0007f698 vaddr=40088154 size=055f4h ( 22004) load[0m
[0;32mI (272) boot: Loaded app from partition at offset 0x10000[0m
[0;32mI (272) boot: Disabling RNG early entropy source...[0m
[0;32mI (282) cpu_start: Multicore app[0m
[0;32mI (290) cpu_start: Pro cpu start user code[0m
[0;32mI (290) cpu_start: cpu freq: 160000000 Hz[0m
[0;32mI (291) app_init: Application information:[0m
[0;32mI (291) app_init: Project name:     mqtt_led[0m
[0;32mI (295) app_init: App version:      1[0m
[0;32mI (298) app_init: Compile time:     Jun 28 2025 16:13:13[0m
[0;32mI (303) app_init: ELF file SHA256:  7ad35f445...[0m
[0;32mI (307) app_init: ESP-IDF:          v5.4.1-dirty[0m
[0;32mI (312) efuse_init: Min chip rev:     v0.0[0m
[0;32mI (315) efuse_init: Max chip rev:     v3.99 [0m
[0;32mI (319) efuse_init: Chip rev:         v3.1[0m
[0;32mI (324) heap_init: Initializing. RAM available for dynamic allocation:[0m
[0;32mI (330) heap_init: At 3FFAE6E0 len 00001920 (6 KiB): DRAM[0m
[0;32mI (335) heap_init: At 3FFB3A78 len 0002C588 (177 KiB): DRAM[0m
[0;32mI (340) heap_init: At 3FFE0440 len 00003AE0 (14 KiB): D/IRAM[0m
[0;32mI (345) heap_init: At 3FFE4350 len 0001BCB0 (111 KiB): D/IRAM[0m
[0;32mI (351) heap_init: At 4008D748 len 000128B8 (74 KiB): IRAM[0m
[0;32mI (358) spi_flash: detected chip: generic[0m
[0;32mI (360) spi_flash: flash io: dio[0m
[0;33mW (363) spi_flash: Detected size(4096k) larger than the size in the binary image header(2048k). Using the size in the binary image header.[0m
[0;32mI (376) main_task: Started on CPU0[0m
[0;32mI (386) main_task: Calling app_main()[0m
[0;32mI (386) gpio: GPIO[2]| InputEn: 0| OutputEn: 0| OpenDrain: 0| Pullup: 1| Pulldown: 0| Intr:0 [0m

assert failed: tcpip_send_msg_wait_sem /IDF/components/lwip/lwip/src/api/tcpip.c:454 (Invalid mbox)


Backtrace: 0x40081a35:0x3ffb7800 0x400859c1:0x3ffb7820 0x4008c045:0x3ffb7840 0x400feddf:0x3ffb7960 0x4010b32e:0x3ffb7990 0x400fcdb5:0x3ffb79d0 0x400dead1:0x3ffb7a60 0x400deddb:0x3ffb7ac0 0x400df307:0x3ffb7b30 0x400e06c9:0x3ffb7b50 0x4011bbf5:0x3ffb7b70 0x400d9a31:0x3ffb7b90 0x400862cd:0x3ffb7bc0




ELF file SHA256: 7ad35f445

Rebooting...
ets Jul 29 2019 12:21:46

rst:0xc (SW_CPU_RESET),boot:0x13 (SPI_FAST_FLASH_BOOT)
configsip: 0, SPIWP:0xee
clk_drv:0x00,q_drv:0x00,d_drv:0x00,cs0_drv:0x00,hd_drv:0x00,wp_drv:0x00
mode:DIO, clock div:2
load:0x3fff0030,len:6276
load:0x40078000,len:15748
load:0x40080400,len:4
ho 8 tail 4 room 4
load:0x40080404,len:3860
entry 0x4008063c
[0;32mI (31) boot: ESP-IDF v5.4.1-dirty 2nd stage bootloader[0m
[0;32mI (31) boot: compile time Jun 28 2025 16:18:05[0m
[0;32mI (31) boot: Multicore bootloader[0m
[0;32mI (33) boot: chip revision: v3.1[0m
[0;32mI (36) boot.esp32: SPI Speed      : 40MHz[0m
[0;32mI (39) boot.esp32: SPI Mode       : DIO[0m
[0;32mI (43) boot.esp32: SPI Flash Size : 2MB[0m
[0;32mI (47) boot: Enabling RNG early entropy source...[0m
[0;32mI (51) boot: Partition Table:[0m
[0;32mI (54) boot: ## Label            Usage          Type ST Offset   Length[0m
[0;32mI (60) boot:  0 nvs              WiFi data        01 02 00009000 00006000[0m
[0;32mI (67) boot:  1 phy_init         RF data          01 01 0000f000 00001000[0m
[0;32mI (73) boot:  2 factory          factory app      00 00 00010000 00100000[0m
[0;32mI (80) boot: End of partition table[0m
[0;32mI (83) esp_image: segment 0: paddr=00010020 vaddr=3f400020 size=15a6ch ( 88684) map[0m
[0;32mI (121) esp_image: segment 1: paddr=00025a94 vaddr=3ff80000 size=0001ch (    28) load[0m
[0;32mI (121) esp_image: segment 2: paddr=00025ab8 vaddr=3ffb0000 size=02404h (  9220) load[0m
[0;32mI (128) esp_image: segment 3: paddr=00027ec4 vaddr=40080000 size=08154h ( 33108) load[0m
[0;32mI (145) esp_image: segment 4: paddr=00030020 vaddr=400d0020 size=4f670h (325232) map[0m
[0;32mI (256) esp_image: segment 5: paddr=0007f698 vaddr=40088154 size=055f4h ( 22004) load[0m
[0;32mI (272) boot: Loaded app from partition at offset 0x10000[0m
[0;32mI (272) boot: Disabling RNG early entropy source...[0m
[0;32mI (282) cpu_start: Multicore app[0m
[0;32mI (290) cpu_start: Pro cpu start user code[0m
[0;32mI (290) cpu_start: cpu freq: 160000000 Hz[0m
[0;32mI (291) app_init: Application information:[0m
[0;32mI (291) app_init: Project name:     mqtt_led[0m
[0;32mI (295) app_init: App version:      1[0m
[0;32mI (298) app_init: Compile time:     Jun 28 2025 16:13:13[0m
[0;32mI (303) app_init: ELF file SHA256:  7ad35f445...[0m
[0;32mI (307) app_init: ESP-IDF:          v5.4.1-dirty[0m
[0;32mI (312) efuse_init: Min chip rev:     v0.0[0m
[0;32mI (315) efuse_init: Max chip rev:     v3.99 [0m
[0;32mI (319) efuse_init: Chip rev:         v3.1[0m
[0;32mI (324) heap_init: Initializing. RAM available for dynamic allocation:[0m
[0;32mI (330) heap_init: At 3FFAE6E0 len 00001920 (6 KiB): DRAM[0m
[0;32mI (335) heap_init: At 3FFB3A78 len 0002C588 (177 KiB): DRAM[0m
[0;32mI (340) heap_init: At 3FFE0440 len 00003AE0 (14 KiB): D/IRAM[0m
[0;32mI (345) heap_init: At 3FFE4350 len 0001BCB0 (111 KiB): D/IRAM[0m
[0;32mI (351) heap_init: At 4008D748 len 000128B8 (74 KiB): IRAM[0m
[0;32mI (358) spi_flash: detected chip: generic[0m
[0;32mI (360) spi_flash: flash io: dio[0m
[0;33mW (363) spi_flash: Detected size(4096k) larger than the size in the binary image header(2048k). Using the size in the binary image header.[0m
[0;32mI (376) main_task: Started on CPU0[0m
[0;32mI (386) main_task: Calling app_main()[0m
[0;32mI (386) gpio: GPIO[2]| InputEn: 0| OutputEn: 0| OpenDrain: 0| Pullup: 1| Pulldown: 0| Intr:0 [0m

assert failed: tcpip_send_msg_wait_sem /IDF/components/lwip/lwip/src/api/tcpip.c:454 (Invalid mbox)


Backtrace: 0x40081a35:0x3ffb7800 0x400859c1:0x3ffb7820 0x4008c045:0x3ffb7840 0x400feddf:0x3ffb7960 0x4010b32e:0x3ffb7990 0x400fcdb5:0x3ffb79d0 0x400dead1:0x3ffb7a60 0x400deddb:0x3ffb7ac0 0x400df307:0x3ffb7b30 0x400e06c9:0x3ffb7b50 0x4011bbf5:0x3ffb7b70 0x400d9a31:0x3ffb7b90 0x400862cd:0x3ffb7bc0




ELF file SHA256: 7ad35f445

Rebooting...
ets Jul 29 2019 12:21:46

rst:0xc (SW_CPU_RESET),boot:0x13 (SPI_FAST_FLASH_BOOT)
configsip: 0, SPIWP:0xee
clk_drv:0x00,q_drv:0x00,d_drv:0x00,cs0_drv:0x00,hd_drv:0x00,wp_drv:0x00
mode:DIO, clock div:2
load:0x3fff0030,len:6276
load:0x40078000,len:15748
load:0x40080400,len:4
ho 8 tail 4 room 4
load:0x40080404,len:3860
entry 0x4008063c
[0;32mI (31) boot: ESP-IDF v5.4.1-dirty 2nd stage bootloader[0m
[0;32mI (31) boot: compile time Jun 28 2025 16:18:05[0m
[0;32mI (31) boot: Multicore bootloader[0m
[0;32mI (33) boot: chip revision: v3.1[0m
[0;32mI (36) boot.esp32: SPI Speed      : 40MHz[0m
[0;32mI (39) boot.esp32: SPI Mode       : DIO[0m
[0;32mI (43) boot.esp32: SPI Flash Size : 2MB[0m
[0;32mI (47) boot: Enabling RNG early entropy source...[0m
[0;32mI (51) boot: Partition Table:[0m
[0;32mI (54) boot: ## Label            Usage          Type ST Offset   Length[0m
[0;32mI (60) boot:  0 nvs              WiFi data        01 02 00009000 00006000[0m
[0;32mI (67) boot:  1 phy_init         RF data          01 01 0000f000 00001000[0m
I (73) boot:  2 factory          factory app      00 00 00010000 00100000
[0;32mI (80) boot: End of partition table[0m
[0;32mI (83) esp_image: segment 0: paddr=00010020 vaddr=3f400020 size=15a6ch ( 88684) map[0m
[0;32mI (121) esp_image: segment 1: paddr=00025a94 vaddr=3ff80000 size=0001ch (    28) load[0m
[0;32mI (121) esp_image: segment 2: paddr=00025ab8 vaddr=3ffb0000 size=02404h (  9220) load[0m
[0;32mI (128) esp_image: segment 3: paddr=00027ec4 vaddr=40080000 size=08154h ( 33108) load[0m
[0;32mI (145) esp_image: segment 4: paddr=00030020 vaddr=400d0020 size=4f670h (325232) map[0m
[0;32mI (256) esp_image: segment 5: paddr=0007f698 vaddr=40088154 size=055f4h ( 22004) load[0m
[0;32mI (272) boot: Loaded app from partition at offset 0x10000[0m
[0;32mI (272) boot: Disabling RNG early entropy source...[0m
[0;32mI (282) cpu_start: Multicore app[0m
[0;32mI (290) cpu_start: Pro cpu start user code[0m
[0;32mI (290) cpu_start: cpu freq: 160000000 Hz[0m
[0;32mI (291) app_init: Application information:[0m
[0;32mI (291) app_init: Project name:     mqtt_led[0m
[0;32mI (295) app_init: App version:      1[0m
[0;32mI (298) app_init: Compile time:     Jun 28 2025 16:13:13[0m
[0;32mI (303) app_init: ELF file SHA256:  7ad35f445...[0m
[0;32mI (307) app_init: ESP-IDF:          v5.4.1-dirty[0m
[0;32mI (312) efuse_init: Min chip rev:     v0.0[0m
[0;32mI (315) efuse_init: Max chip rev:     v3.99 [0m
[0;32mI (319) efuse_init: Chip rev:         v3.1[0m
[0;32mI (324) heap_init: Initializing. RAM available for dynamic allocation:[0m
[0;32mI (330) heap_init: At 3FFAE6E0 len 00001920 (6 KiB): DRAM[0m
[0;32mI (335) heap_init: At 3FFB3A78 len 0002C588 (177 KiB): DRAM[0m
[0;32mI (340) heap_init: At 3FFE0440 len 00003AE0 (14 KiB): D/IRAM[0m
[0;32mI (345) heap_init: At 3FFE4350 len 0001BCB0 (111 KiB): D/IRAM[0m
[0;32mI (351) heap_init: At 4008D748 len 000128B8 (74 KiB): IRAM[0m
[0;32mI (358) spi_flash: detected chip: generic[0m
[0;32mI (360) spi_flash: flash io: dio[0m
[0;33mW (363) spi_flash: Detected size(4096k) larger than the size in the binary image header(2048k). Using the size in the binary image header.[0m
[0;32mI (376) main_task: Started on CPU0[0m
[0;32mI (386) main_task: Calling app_main()[0m
[0;32mI (386) gpio: GPIO[2]| InputEn: 0| OutputEn: 0| OpenDrain: 0| Pullup: 1| Pulldown: 0| Intr:0 [0m

assert failed: tcpip_send_msg_wait_sem /IDF/components/lwip/lwip/src/api/tcpip.c:454 (Invalid mbox)


Backtrace: 0x40081a35:0x3ffb7800 0x400859c1:0x3ffb7820 0x4008c045:0x3ffb7840 0x400feddf:0x3ffb7960 0x4010b32e:0x3ffb7990 0x400fcdb5:0x3ffb79d0 0x400dead1:0x3ffb7a60 0x400deddb:0x3ffb7ac0 0x400df307:0x3ffb7b30 0x400e06c9:0x3ffb7b50 0x4011bbf5:0x3ffb7b70 0x400d9a31:0x3ffb7b90 0x400862cd
:0x3ffb7bc0




ELF file SHA256: 7ad35f445

Rebooting...
ets Jul 29 2019 12:21:46

rst:0xc (SW_CPU_RESET),boot:0x13 (SPI_FAST_FLASH_BOOT)
configsip: 0, SPIWP:0xee
clk_drv:0x00,q_drv:0x00,d_drv:0x00,cs0_drv:0x00,hd_drv:0x00,wp_drv:0x00
mode:DIO, clock div:2
load:0x3fff0030,len:6276
load:0x40078000,len:15748
load:0x40080400,len:4
ho 8 tail 4 room 4
load:0x40080404,len:3860
entry 0x4008063c
[0;32mI (31) boot: ESP-IDF v5.4.1-dirty 2nd stage bootloader[0m
[0;32mI (31) boot: compile time Jun 28 2025 16:18:05[0m
[0;32mI (31) boot: Multicore bootloader[0m
[0;32mI (33) boot: chip revision: v3.1[0m
[0;32mI (36) boot.esp32: SPI Speed      : 40MHz[0m
[0;32mI (39) boot.esp32: SPI Mode       : DIO[0m
[0;32mI (43) boot.esp32: SPI Flash Size : 2MB[0m
[0;32mI (47) boot: Enabling RNG early entropy source...[0m
[0;32mI (51) boot: Partition Table:[0m
[0;32mI (54) boot: ## Label            Usage          Type ST Offset   Length[0m
[0;32mI (60) boot:  0 nvs              WiFi data        01 02 00009000 00006000[0m
[0;32mI (67) boot:  1 phy_init         RF data          01 01 0000f000 00001000[0m
[0;32mI (73) boot:  2 factory          factory app      00 00 00010000 00100000[0m
[0;32mI (80) boot: End of partition table[0m
[0;32mI (83) esp_image: segment 0: paddr=00010020 vaddr=3f400020 size=15a6ch ( 88684) map[0m
[0;32mI (121) esp_image: segment 1: paddr=00025a94 vaddr=3ff80000 size=0001ch (    28) load[0m
[0;32mI (121) esp_image: segment 2: paddr=00025ab8 vaddr=3ffb0000 size=02404h (  9220) load[0m
[0;32mI (128) esp_image: segment 3: paddr=00027ec4 vaddr=40080000 size=08154h ( 33108) load[0m
[0;32mI (145) esp_image: segment 4: paddr=00030020 vaddr=400d0020 size=4f670h (325232) map[0m
[0;32mI (256) esp_image: segment 5: paddr=0007f698 vaddr=40088154 size=055f4h ( 22004) load[0m
[0;32mI (272) boot: Loaded app from partition at offset 0x10000[0m
[0;32mI (272) boot: Disabling RNG early entropy source...[0m
[0;32mI (282) cpu_start: Multicore app[0m
[0;32mI (290) cpu_start: Pro cpu start user code[0m
[0;32mI (290) cpu_start: cpu freq: 160000000 Hz[0m
[0;32mI (291) app_init: Application information:[0m
[0;32mI (291) app_init: Project name:     mqtt_led[0m
[0;32mI (295) app_init: App version:      1[0m
[0;32mI (298) app_init: Compile time:     Jun 28 2025 16:13:13[0m
[0;32mI (303) app_init: ELF file SHA256:  7ad35f445...[0m
[0;32mI (307) app_init: ESP-IDF:          v5.4.1-dirty[0m
[0;32mI (312) efuse_init: Min chip rev:     v0.0[0m
[0;32mI (315) efuse_init: Max chip rev:     v3.99 [0m
[0;32mI (319) efuse_init: Chip rev:         v3.1[0m
[0;32mI (324) heap_init: Initializing. RAM available for dynamic allocation:[0m
[0;32mI (330) heap_init: At 3FFAE6E0 len 00001920 (6 KiB): DRAM[0m
[0;32mI (335) heap_init: At 3FFB3A78 len 0002C588 (177 KiB): DRAM[0m
[0;32mI (340) heap_init: At 3FFE0440 len 00003AE0 (14 KiB): D/IRAM[0m
[0;32mI (345) heap_init: At 3FFE4350 len 0001BCB0 (111 KiB): D/IRAM[0m
[0;32mI (351) heap_init: At 4008D748 len 000128B8 (74 KiB): IRAM[0m
[0;32mI (358) spi_flash: detected chip: generic[0m
[0;32mI (360) spi_flash: flash io: dio[0m
[0;33mW (363) spi_flash: Detected size(4096k) larger than the size in the binary image header(2048k). Using the size in the binary image header.[0m
[0;32mI (376) main_task: Started on CPU0[0m
[0;32mI (386) main_task: Calling app_main()[0m
[0;32mI (386) gpio: GPIO[2]| InputEn: 0| OutputEn: 0| OpenDrain: 0| Pullup: 1| Pulldown: 0| Intr:0 [0m

assert failed: tcpip_send_msg_wait_sem /IDF/components/lwip/lwip/src/api/tcpip.c:454 (Invalid mbox)


Backtrace: 0x40081a35:0x3ffb7800 0x400859c1:0x3ffb7820 0x4008c045:0x3ffb7840 0x400feddf:0x3ffb7960 0x4010b32e:0x3ffb7990 0x400fcdb5:0x3ffb79d0 0x400dead1:0x3ffb7a60 0x400deddb:0x3ffb7ac0 0x400df307:0x3ffb7b30 0x400e06c9:0x3ffb7b50 0x4011bbf5:0x3ffb7b70 0x400d9a31:0x3ffb7b90 0x400862cd:0x3ffb7bc0




ELF file SHA256: 7ad35f445

Rebooting...
ets Jul 29 2019 12:21:46

rst:0xc (SW_CPU_RESET),boot:0x13 (SPI_FAST_FLASH_BOOT)
configsip: 0, SPIWP:0xee
clk_drv:0x00,q_drv:0x00,d_drv:0x00,cs0_drv:0x00,hd_drv:0x00,wp_drv:0x00
mode:DIO, clock div:2
load:0x3fff0030,len:6276
load:0x40078000,len:15748
load:0x40080400,len:4
ho 8 tail 4 room 4
load:0x40080404,len:3860
entry 0x4008063c
[0;32mI (31) boot: ESP-IDF v5.4.1-dirty 2nd stage bootloader[0m
[0;32mI (31) boot: compile time Jun 28 2025 16:18:05[0m
[0;32mI (31) boot: Multicore bootloader[0m
[0;32mI (33) boot: chip revision: v3.1[0m
[0;32mI (36) boot.esp32: SPI Speed      : 40MHz[0m
[0;32mI (39) boot.esp32: SPI Mode       : DIO[0m
[0;32mI (43) boot.esp32: SPI Flash Size : 2MB[0m
[0;32mI (47) boot: Enabling RNG early entropy source...[0m
[0;32mI (51) boot: Partition Table:[0m
[0;32mI (54) boot: ## Label            Usage          Type ST Offset   Length[0m
[0;32mI (60) boot:  0 nvs              WiFi data        01 02 00009000 00006000[0m
[0;32mI (67) boot:  1 phy_init         RF data          01 01 0000f000 00001000[0m
[0;32mI (73) boot:  2 factory          factory app      00 00 00010000 00100000[0m
[0;32mI (80) boot: End of partition table[0m
[0;32mI (83) esp_image: segment 0: paddr=00010020 vaddr=3f400020 size=15a6ch ( 88684) map[0m
[0;32mI (121) esp_image: segment 1: paddr=00025a94 vaddr=3ff80000 size=0001ch (    28) load[0m
[0;32mI (121) esp_image: segment 2: paddr=00025ab8 vaddr=3ffb0000 size=02404h (  9220) load[0m
[0;32mI (128) esp_image: segment 3: paddr=00027ec4 vaddr=40080000 size=08154h ( 33108) load[0m
[0;32mI (145) esp_image: segment 4: paddr=00030020 vaddr=400d0020 size=4f670h (325232) map[0m
[0;32mI (256) esp_image: segment 5: paddr=0007f698 vaddr=40088154 size=055f4h ( 22004) load[0m
[0;32mI (272) boot: Loaded app from partition at offset 0x10000[0m
[0;32mI (272) boot: Disabling RNG early entropy source...[0m
[0;32mI (282) cpu_start: Multicore app[0m
[0;32mI (290) cpu_start: Pro cpu start user code[0m
[0;32mI (290) cpu_start: cpu freq: 160000000 Hz[0m
[0;32mI (291) app_init: Application information:[0m
[0;32mI (291) app_init: Project name:     mqtt_led[0m
[0;32mI (295) app_init: App version:      1[0m
[0;32mI (298) app_init: Compile time:     Jun 28 2025 16:13:13[0m
[0;32mI (303) app_init: ELF file SHA256:  7ad35f445...[0m
[0;32mI (307) app_init: ESP-IDF:          v5.4.1-dirty[0m
[0;32mI (312) efuse_init: Min chip rev:     v0.0[0m
[0;32mI (315) efuse_init: Max chip rev:     v3.99 [0m
[0;32mI (319) efuse_init: Chip rev:         v3.1[0m
[0;32mI (324) heap_init: Initializing. RAM available for dynamic allocation:[0m
[0;32mI (330) heap_init: At 3FFAE6E0 len 00001920 (6 KiB): DRAM[0m
[0;32mI (335) heap_init: At 3FFB3A78 len 0002C588 (177 KiB): DRAM[0m
[0;32mI (340) heap_init: At 3FFE0440 len 00003AE0 (14 KiB): D/IRAM[0m
[0;32mI (345) heap_init: At 3FFE4350 len 0001BCB0 (111 KiB): D/IRAM[0m
[0;32mI (351) heap_init: At 4008D748 len 000128B8 (74 KiB): IRAM[0m
[0;32mI (358) spi_flash: detected chip: generic[0m
[0;32mI (360) spi_flash: flash io: dio[0m
[0;33mW (363) spi_flash: Detected size(4096k) larger than the size in the binary image header(2048k). Using the size in the binary image header.[0m
[0;32mI (376) main_task: Started on CPU0[0m
[0;32mI (386) main_task: Calling app_main()[0m
[0;32mI (386) gpio: GPIO[2]| InputEn: 0| OutputEn: 0| OpenDrain: 0| Pullup: 1| Pulldown: 0| Intr:0 [0m

assert failed: tcpip_send_msg_wait_sem /IDF/components/lwip/lwip/src/api/tcpip.c:454 (Invalid mbox)


Backtrace: 0x40081a35:0x3ffb7800 0x400859c1:0x3ffb7820 0x4008c045:0x3ffb7840 0x400feddf:0x3ffb7960 0x4010b32e:0x3ffb7990 0x400fcdb5:0x3ffb79d0 0x400dead1:0x3ffb7a60 0x400deddb:0x3ffb7ac0 0x400df307:0x3ffb7b30 0x400e06c9:0x3ffb7b50 0x4011bbf5:0x3ffb7b70 0x400d9a31:0x3ffb7b90 0x400862cd:0x3ffb7bc0




ELF file SHA256: 7ad35f445

Rebooting...
ets Jul 29 2019 12:21:46

rst:0xc (SW_CPU_RESET),boot:0x13 (SPI_FAST_FLASH_BOOT)
configsip: 0, SPIWP:0xee
clk_drv:0x00,q_drv:0x00,d_drv:0x00,cs0_drv:0x00,hd_drv:0x00,wp_drv:0x00
mode:DIO, clock div:2
load:0x3fff0030,len:6276
load:0x40078000,len:15748
load:0x40080400,len:4
ho 8 tail 4 room 4
load:0x40080404,len:3860
entry 0x4008063c
[0;32mI (31) boot: ESP-IDF v5.4.1-dirty 2nd stage bootloader[0m
[0;32mI (31) boot: compile time Jun 28 2025 16:18:05[0m
[0;32mI (31) boot: Multicore bootloader[0m
[0;32mI (33) boot: chip revision: v3.1[0m
[0;32mI (36) boot.esp32: SPI Speed      : 40MHz[0m
[0;32mI (39) boot.esp32: SPI Mode       : DIO[0m
[0;32mI (43) boot.esp32: SPI Flash Size : 2MB[0m
[0;32mI (47) boot: Enabling RNG early entropy source...[0m
[0;32mI (51) boot: Partition Table:[0m
[0;32mI (54) boot: ## Label            Usage          Type ST Offset   Length[0m
[0;32mI (60) boot:  0 nvs              WiFi data        01 02 00009000 00006000[0m
[0;32mI (67) boot:  1 phy_init         RF data          01 01 0000f000 00001000[0m
[0;32mI (73) boot:  2 factory          factory app      00 00 00010000 00100000[0m
[0;32mI (80) boot: End of partition table[0m
[0;32mI (83) esp_image: segment 0: paddr=00010020 vaddr=3f400020 size=15a6ch ( 88684) map[0m
[0;32mI (121) esp_image: segment 1: paddr=00025a94 vaddr=3ff80000 size=0001ch (    28) load[0m
[0;32mI (121) esp_image: segment 2: paddr=00025ab8 vaddr=3ffb0000 size=02404h (  9220) load[0m
[0;32mI (128) esp_image: segment 3: paddr=00027ec4 vaddr=40080000 size=08154h ( 33108) load[0m
[0;32mI (145) esp_image: segment 4: paddr=00030020 vaddr=400d0020 size=4f670h (325232) map[0m
[0;32mI (256) esp_image: segment 5: paddr=0007f698 vaddr=40088154 size=055f4h ( 22004) load[0m
[0;32mI (272) boot: Loaded app from partition at offset 0x10000[0m
[0;32mI (272) boot: Disabling RNG early entropy source...[0m
[0;32mI (282) cpu_start: Multicore app[0m
[0;32mI (290) cpu_start: Pro cpu start user code[0m
[0;32mI (290) cpu_start: cpu freq: 160000000 Hz[0m
[0;32mI (291) app_init: Application information:[0m
[0;32mI (291) app_init: Project name:     mqtt_led[0m
[0;32mI (295) app_init: App version:      1[0m
[0;32mI (298) app_init: Compile time:     Jun 28 2025 16:13:13[0m
[0;32mI (303) app_init: ELF file SHA256:  7ad35f445...[0m
[0;32mI (307) app_init: ESP-IDF:          v5.4.1-dirty[0m
[0;32mI (312) efuse_init: Min chip rev:     v0.0[0m
[0;32mI (315) efuse_init: Max chip rev:     v3.99 [0m
[0;32mI (319) efuse_init: Chip rev:         v3.1[0m
[0;32mI (324) heap_init: Initializing. RAM available for dynamic allocation:[0m
[0;32mI (330) heap_init: At 3FFAE6E0 len 00001920 (6 KiB): DRAM[0m
[0;32mI (335) heap_init: At 3FFB3A78 len 0002C588 (177 KiB): DRAM[0m
[0;32mI (340) heap_init: At 3FFE0440 len 00003AE0 (14 KiB): D/IRAM[0m
[0;32mI (345) heap_init: At 3FFE4350 len 0001BCB0 (111 KiB): D/IRAM[0m
[0;32mI (351) heap_init: At 4008D748 len 000128B8 (74 KiB): IRAM[0m
[0;32mI (358) spi_flash: detected chip: generic[0m
[0;32mI (360) spi_flash: flash io: dio[0m
[0;33mW (363) spi_flash: Detected size(4096k) larger than the size in the binary image header(2048k). Using the size in the binary image header.[0m
[0;32mI (376) main_task: Started on CPU0[0m
[0;32mI (386) main_task: Calling app_main()[0m
[0;32mI (386) gpio: GPIO[2]| InputEn: 0| OutputEn: 0| OpenDrain: 0| Pullup: 1| Pulldown: 0| Intr:0 [0m

assert failed: tcpip_send_msg_wait_sem /IDF/components/lwip/lwip/src/api/tcpip.c:454 (Invalid mbox)


Backtrace: 0x40081a35:0x3ffb7800 0x400859c1:0x3ffb7820 0x4008c045:0x3ffb7840 0x400feddf:0x3ffb7960 0x4010b32e:0x3ffb7990 0x400fcdb5:0x3ffb79d0 0x400dead1:0x3ffb7a60 0x400deddb:0x3ffb7ac0 0x400df307:0x3ffb7b30 0x400e06c9:0x3ffb7b50 0x4011bbf5:0x3ffb7b70 0x400d9a31:0x3ffb7b90 0x400862cd:0x3ffb7bc0




ELF file SHA256: 7ad35f445

Rebooting...
ets Jul 29 2019 12:21:46

rst:0xc (SW_CPU_RESET),boot:0x13 (SPI_FAST_FLASH_BOOT)
configsip: 0, SPIWP:0xee
clk_drv:0x00,q_drv:0x00,d_drv:0x00,cs0_drv:0x00,hd_drv:0x00,wp_drv:0x00
mode:DIO, clock div:2
load:0x3fff0030,len:6276
load:0x40078000,len:15748
load:0x40080400,len:4
ho 8 tail 4 room 4
load:0x40080404,len:3860
entry 0x4008063c
[0;32mI (31) boot: ESP-IDF v5.4.1-dirty 2nd stage bootloader[0m
[0;32mI (31) boot: compile time Jun 28 2025 16:18:05[0m
[0;32mI (31) boot: Multicore bootloader[0m
[0;32mI (33) boot: chip revision: v3.1[0m
[0;32mI (36) boot.esp32: SPI Speed      : 40MHz[0m
[0;32mI (39) boot.esp32: SPI Mode       : DIO[0m
[0;32mI (43) boot.esp32: SPI Flash Size : 2MB[0m
[0;32mI (47) boot: Enabling RNG early entropy source...[0m
[0;32mI (51) boot: Partition Table:[0m
[0;32mI (54) boot: ## Label            Usage          Type ST Offset   Length[0m
[0;32mI (60) boot:  0 nvs              WiFi data        01 02 00009000 00006000[0m
[0;32mI (67) boot:  1 phy_init         RF data          01 01 0000f000 00001000[0m
[0;32mI (73) boot:  2 factory          factory app      00 00 00010000 00100000[0m
[0;32mI (80) boot: End of partition table[0m
[0;32mI (83) esp_image: segment 0: paddr=00010020 vaddr=3f400020 size=15a6ch ( 88684) map[0m
[0;32mI (121) esp_image: segment 1: paddr=00025a94 vaddr=3ff80000 size=0001ch (    28) load[0m
[0;32mI (121) esp_image: segment 2: paddr=00025ab8 vaddr=3ffb0000 size=02404h (  9220) load[0m
[0;32mI (128) esp_image: segment 3: paddr=00027ec4 vaddr=40080000 size=08154h ( 33108) load[0m
[0;32mI (145) esp_image: segment 4: paddr=00030020 vaddr=400d0020 size=4f670h (325232) map[0m
[0;32mI (256) esp_image: segment 5: paddr=0007f698 vaddr=40088154 size=055f4h ( 22004) load[0m
[0;32mI (272) boot: Loaded app from partition at offset 0x10000[0m
[0;32mI (272) boot: Disabling RNG early entropy source...[0m
[0;32mI (282) cpu_start: Multicore app[0m
[0;32mI (290) cpu_start: Pro cpu start user code[0m
[0;32mI (290) cpu_start: cpu freq: 160000000 Hz[0m
[0;32mI (291) app_init: Application information:[0m
[0;32mI (291) app_init: Project name:     mqtt_led[0m
[0;32mI (295) app_init: App version:      1[0m
[0;32mI (298) app_init: Compile time:     Jun 28 2025 16:13:13[0m
[0;32mI (303) app_init: ELF file SHA256:  7ad35f445...[0m
[0;32mI (307) app_init: ESP-IDF:          v5.4.1-dirty[0m
[0;32mI (312) efuse_init: Min chip rev:     v0.0[0m
[0;32mI (315) efuse_init: Max chip rev:     v3.99 [0m
[0;32mI (319) efuse_init: Chip rev:         v3.1[0m
[0;32mI (324) heap_init: Initializing. RAM available for dynamic allocation:[0m
[0;32mI (330) heap_init: At 3FFAE6E0 len 00001920 (6 KiB): DRAM[0m
[0;32mI (335) heap_init: At 3FFB3A78 len 0002C588 (177 KiB): DRAM[0m
[0;32mI (340) heap_init: At 3FFE0440 len 00003AE0 (14 KiB): D/IRAM[0m
[0;32mI (345) heap_init: At 3FFE4350 len 0001BCB0 (111 KiB): D/IRAM[0m
[0;32mI (351) heap_init: At 4008D748 len 000128B8 (74 KiB): IRAM[0m
[0;32mI (358) spi_flash: detected chip: generic[0m
[0;32mI (360) spi_flash: flash io: dio[0m
[0;33mW (363) spi_flash: Detected size(4096k) larger than the size in the binary image header(2048k). Using the size in the binary image header.[0m
[0;32mI (376) main_task: Started on CPU0[0m
[0;32mI (386) main_task: Calling app_main()[0m
[0;32mI (386) gpio: GPIO[2]| InputEn: 0| OutputEn: 0| OpenDrain: 0| Pullup: 1| Pulldown: 0| Intr:0 [0m

assert failed: tcpip_send_msg_wait_sem /IDF/components/lwip/lwip/src/api/tcpip.c:454 (Invalid mbox)


Backtrace: 0x40081a35:0x3ffb7800 0x400859c1:0x3ffb7820 0x4008c045:0x3ffb7840 0x400feddf:0x3ffb7960 0x4010b32e:0x3ffb7990 0x400fcdb5:0x3ffb79d0 0x400dead1:0x3ffb7a60 0x400deddb:0x3ffb7ac0 0x400df307:0x3ffb7b30 0x400e06c9:0
x3ffb7b50 0x4011bbf5:0x3ffb7b70 
0x400d9a31:0x3ffb7b90 0x400862cd
:0x3ffb7bc0




ELF file SHA256: 7ad35f445

Rebooting...
ets Jul 29 2019 12:21:46

rst:0xc (SW_CPU_RESET),boot:0x13 (SPI_FAST_FLASH_BOOT)
configsip: 0, SPIWP:0xee
clk_drv:0x00,q_drv:0x00,d_drv:0x00,cs0_drv:0x00,hd_drv:0x00,wp_drv:0x00
mode:DIO, clock div:2
load:0x3fff0030,len:6276
load:0x40078000,len:15748
load:0x40080400,len:4
ho 8 tail 4 room 4
load:0x40080404,len:3860
entry 0x4008063c
[0;32mI (31) boot: ESP-IDF v5.4.1-dirty 2nd stage bootloader[0m
[0;32mI (31) boot: compile time Jun 28 2025 16:18:05[0m
[0;32mI (31) boot: Multicore bootloader[0m
[0;32mI (33) boot: chip revision: v3.1[0m
[0;32mI (36) boot.esp32: SPI Speed      : 40MHz[0m
[0;32mI (39) boot.esp32: SPI Mode       : DIO[0m
[0;32mI (43) boot.esp32: SPI Flash Size : 2MB[0m
[0;32mI (47) boot: Enabling RNG early entropy source...[0m
[0;32mI (51) boot: Partition Table:[0m
[0;32mI (54) boot: ## Label            Usage          Type ST Offset   Length[0m
[0;32mI (60) boot:  0 nvs              WiFi data        01 02 00009000 00006000[0m
[0;32mI (67) boot:  1 phy_init         RF data          01 01 0000f000 00001000[0m
[0;32mI (73) boot:  2 factory          factory app      00 00 00010000 00100000[0m
[0;32mI (80) boot: End of partition table[0m
[0;32mI (83) esp_image: segment 0: paddr=00010020 vaddr=3f400020 size=15a6ch ( 88684) map[0m
[0;32mI (121) esp_image: segment 1: paddr=00025a94 vaddr=3ff80000 size=0001ch (    28) load[0m
[0;32mI (121) esp_image: segment 2: paddr=00025ab8 vaddr=3ffb0000 size=02404h (  9220) load[0m
[0;32mI (128) esp_image: segment 3: paddr=00027ec4 vaddr=40080000 size=08154h ( 33108) load[0m
[0;32mI (145) esp_image: segment 4: paddr=00030020 vaddr=400d0020 size=4f670h (325232) map[0m
[0;32mI (256) esp_image: segment 5: paddr=0007f698 vaddr=40088154 size=055f4h ( 22004) load[0m
[0;32mI (272) boot: Loaded app from partition at offset 0x10000[0m
[0;32mI (272) boot: Disabling RNG early entropy source...[0m
[0;32mI (282) cpu_start: Multicore app[0m
[0;32mI (290) cpu_start: Pro cpu start user code[0m
[0;32mI (290) cpu_start: cpu freq: 160000000 Hz[0m
[0;32mI (291) app_init: Application information:[0m
[0;32mI (291) app_init: Project name:     mqtt_led[0m
[0;32mI (295) app_init: App version:      1[0m
[0;32mI (298) app_init: Compile time:     Jun 28 2025 16:13:13[0m
[0;32mI (303) app_init: ELF file SHA256:  7ad35f445...[0m
[0;32mI (307) app_init: ESP-IDF:          v5.4.1-dirty[0m
[0;32mI (312) efuse_init: Min chip rev:     v0.0[0m
[0;32mI (315) efuse_init: Max chip rev:     v3.99 [0m
[0;32mI (319) efuse_init: Chip rev:         v3.1[0m
[0;32mI (324) heap_init: Initializing. RAM available for dynamic allocation:[0m
[0;32mI (330) heap_init: At 3FFAE6E0 len 00001920 (6 KiB): DRAM[0m
[0;32mI (335) heap_init: At 3FFB3A78 len 0002C588 (177 KiB): DRAM[0m
[0;32mI (340) heap_init: At 3FFE0440 len 00003AE0 (14 KiB): D/IRAM[0m
[0;32mI (345) heap_init: At 3FFE4350 len 0001BCB0 (111 KiB): D/IRAM[0m
[0;32mI (351) heap_init: At 4008D748 len 000128B8 (74 KiB): IRAM[0m
[0;32mI (358) spi_flash: detected chip: generic[0m
[0;32mI (360) spi_flash: flash io: dio[0m
[0;33mW (363) spi_flash: Detected size(4096k) larger than the size in the binary image header(2048k). Using the size in the binary image header.[0m
[0;32mI (376) main_task: Started on CPU0[0m
[0;32mI (386) main_task: Calling app_main()[0m
[0;32mI (386) gpio: GPIO[2]| InputEn: 0| OutputEn: 0| OpenDrain: 0| Pullup: 1| Pulldown: 0| Intr:0 [0m

assert failed: tcpip_send_msg_wait_sem /IDF/components/lwip/lwip/src/api/tcpip.c:454 (Invalid mbox)


Backtrace: 0x40081a35:0x3ffb7800 0x400859c1:0x3ffb7820 0x4008c045:0x3ffb7840 0x400feddf:0x3ffb7960 0x4010b32e:0x3ffb7990 0x400fcdb5:0x3ffb79d0 0x400dead1:0x3ffb7a60 0x400deddb:0x3ffb7ac0 0x400df307:0x3ffb7b30 0x400e06c9:0x3ffb7b50 0x4011bbf5:0x3ffb7b70 0x400d9a31:0x3ffb7b90 0x400862cd:0x3ffb7bc0




ELF file SHA256: 7ad35f445

Rebooting...
ets Jul 29 2019 12:21:46

rst:0xc (SW_CPU_RESET),boot:0x13 (SPI_FAST_FLASH_BOOT)
configsip: 0, SPIWP:0xee
clk_drv:0x00,q_drv:0x00,d_drv:0x00,cs0_drv:0x00,hd_drv:0x00,wp_drv:0x00
mode:DIO, clock div:2
load:0x3fff0030,len:6276
load:0x40078000,len:15748
load:0x40080400,len:4
ho 8 tail 4 room 4
load:0x40080404,len:3860
entry 0x4008063c
[0;32mI (31) boot: ESP-IDF v5.4.1-dirty 2nd stage bootloader[0m
[0;32mI (31) boot: compile time Jun 28 2025 16:18:05[0m
[0;32mI (31) boot: Multicore bootloader[0m
[0;32mI (33) boot: chip revision: v3.1[0m
[0;32mI (36) boot.esp32: SPI Speed      : 40MHz[0m
[0;32mI (39) boot.esp32: SPI Mode       : DIO[0m
[0;32mI (43) boot.esp32: SPI Flash Size : 2MB[0m
[0;32mI (47) boot: Enabling RNG early entropy source...[0m
[0;32mI (51) boot: Partition Table:[0m
[0;32mI (54) boot: ## Label            Usage          Type ST Offset   Length[0m
[0;32mI (60) boot:  0 nvs              WiFi data        01 02 00009000 00006000[0m
[0;32mI (67) boot:  1 phy_init         RF data          01 01 0000f000 00001000[0m
[0;32mI (73) boot:  2 factory          factory app      00 00 00010000 00100000[0m
[0;32mI (80) boot: End of partition table[0m
[0;32mI (83) esp_image: segment 0: paddr=00010020 vaddr=3f400020 size=15a6ch ( 88684) map[0m
[0;32mI (121) esp_image: segment 1: paddr=00025a94 vaddr=3ff80000 size=0001ch (    28) load[0m
[0;32mI (121) esp_image: segment 2: paddr=00025ab8 vaddr=3ffb0000 size=02404h (  9220) load[0m
[0;32mI (128) esp_image: segment 3: paddr=00027ec4 vaddr=40080000 size=08154h ( 33108) load[0m
[0;32mI (145) esp_image: segment 4: paddr=00030020 vaddr=400d0020 size=4f670h (325232) map[0m
[0;32mI (256) esp_image: segment 5: paddr=0007f698 vaddr=40088154 size=055f4h ( 22004) load[0m
[0;32mI (272) boot: Loaded app from partition at offset 0x10000[0m
I (272) boot: Disabling RNG early entropy source...
[0;32mI (282) cpu_start: Multicore app[0m
[0;32mI (290) cpu_start: Pro cpu start user code[0m
[0;32mI (290) cpu_start: cpu freq: 160000000 Hz[0m
[0;32mI (291) app_init: Application information:[0m
[0;32mI (291) app_init: Project name:     mqtt_led[0m
[0;32mI (295) app_init: App version:      1[0m
[0;32mI (298) app_init: Compile time:     Jun 28 2025 16:13:13[0m
[0;32mI (303) app_init: ELF file SHA256:  7ad35f445...[0m
[0;32mI (307) app_init: ESP-IDF:          v5.4.1-dirty[0m
[0;32mI (312) efuse_init: Min chip rev:     v0.0[0m
[0;32mI (315) efuse_init: Max chip rev:     v3.99 [0m
[0;32mI (319) efuse_init: Chip rev:         v3.1[0m
[0;32mI (324) heap_init: Initializing. RAM available for dynamic allocation:[0m
[0;32mI (330) heap_init: At 3FFAE6E0 len 00001920 (6 KiB): DRAM[0m
[0;32mI (335) heap_init: At 3FFB3A78 len 0002C588 (177 KiB): DRAM[0m
[0;32mI (340) heap_init: At 3FFE0440 len 00003AE0 (14 KiB): D/IRAM[0m
[0;32mI (345) heap_init: At 3FFE4350 len 0001BCB0 (111 KiB): D/IRAM[0m
[0;32mI (351) heap_init: At 4008D748 len 000128B8 (74 KiB): IRAM[0m
[0;32mI (358) spi_flash: detected chip: generic[0m
[0;32mI (360) spi_flash: flash io: dio[0m
[0;33mW (363) spi_flash: Detected size(4096k) larger than the size in the binary image header(2048k). Using the size in the binary image header.[0m
[0;32mI (376) main_task: Started on CPU0[0m
[0;32mI (386) main_task: Calling app_main()[0m
[0;32mI (386) gpio: GPIO[2]| InputEn: 0| OutputEn: 0| OpenDrain: 0| Pullup: 1| Pulldown: 0| Intr:0 [0m

assert failed: tcpip_send_msg_wait_sem /IDF/components/lwip/lwip/src/api/tcpip.c:454 (Invalid mbox)


Backtrace: 0x40081a35:0x3ffb7800 0x400859c1:0x3ffb7820 0x4008c045:0x3ffb7840 0x400feddf:0x3ffb7960 0x4010b32e:0x3ffb7990 0x400fcdb5:0x3ffb79d0 0x400dead1:0x3ffb7a60 0x400deddb:0x3ffb7ac0 0x400df307:0x3ffb7b30 0x400e06c9:0x3ffb7b50 0x4011bbf5:0x3ffb7b70 0x400d9a31:0x3ffb7b90 0x400862cd:0x3ffb7bc0




ELF file SHA256: 7ad35f445

Rebooting...
ets Jul 29 2019 12:21:46

rst:0xc (SW_CPU_RESET),boot:0x13 (SPI_FAST_FLASH_BOOT)
configsip: 0, SPIWP:0xee
clk_drv:0x00,q_drv:0x00,d_drv:0x00,cs0_drv:0x00,hd_drv:0x00,wp_drv:0x00
mode:DIO, clock div:2
load:0x3fff0030,len:6276
load:0x40078000,len:15748
load:0x40080400,len:4
ho 8 tail 4 room 4
load:0x40080404,len:3860
entry 0x4008063c
[0;32mI (31) boot: ESP-IDF v5.4.1-dirty 2nd stage bootloader[0m
[0;32mI (31) boot: compile time Jun 28 2025 16:18:05[0m
[0;32mI (31) boot: Multicore bootloader[0m
[0;32mI (33) boot: chip revision: v3.1[0m
[0;32mI (36) boot.esp32: SPI Speed      : 40MHz[0m
[0;32mI (39) boot.esp32: SPI Mode       : DIO[0m
[0;32mI (43) boot.esp32: SPI Flash Size : 2MB[0m
[0;32mI (47) boot: Enabling RNG early entropy source...[0m
[0;32mI (51) boot: Partition Table:[0m
[0;32mI (54) boot: ## Label            Usage          Type ST Offset   Length[0m
[0;32mI (60) boot:  0 nvs              WiFi data        01 02 00009000 00006000[0m
[0;32mI (67) boot:  1 phy_init         RF data          01 01 0000f000 00001000[0m
[0;32mI (73) boot:  2 factory          factory app      00 00 00010000 00100000[0m
[0;32mI (80) boot: End of partition table[0m
[0;32mI (83) esp_image: segment 0: paddr=00010020 vaddr=3f400020 size=15a6ch ( 88684) map[0m
[0;32mI (121) esp_image: segment 1: paddr=00025a94 vaddr=3ff80000 size=0001ch (    28) load[0m
[0;32mI (121) esp_image: segment 2: paddr=00025ab8 vaddr=3ffb0000 size=02404h (  9220) load[0m
[0;32mI (128) esp_image: segment 3: paddr=00027ec4 vaddr=40080000 size=08154h ( 33108) load[0m
[0;32mI (145) esp_image: segment 4: paddr=00030020 vaddr=400d0020 size=4f670h (325232) map[0m
[0;32mI (256) esp_image: segment 5: paddr=0007f698 vaddr=40088154 size=055f4h ( 22004) load[0m
[0;32mI (272) boot: Loaded app from partition at offset 0x10000[0m
[0;32mI (272) boot: Disabling RNG early entropy source...[0m
[0;32mI (282) cpu_start: Multicore app[0m
[0;32mI (290) cpu_start: Pro cpu start user code[0m
[0;32mI (290) cpu_start: cpu freq: 160000000 Hz[0m
[0;32mI (291) app_init: Application information:[0m
[0;32mI (291) app_init: Project name:     mqtt_led[0m
[0;32mI (295) app_init: App version:      1[0m
[0;32mI (298) app_init: Compile time:     Jun 28 2025 16:13:13[0m
[0;32mI (303) app_init: ELF file SHA256:  7ad35f445...[0m
[0;32mI (307) app_init: ESP-IDF:          v5.4.1-dirty[0m
[0;32mI (312) efuse_init: Min chip rev:     v0.0[0m
[0;32mI (315) efuse_init: Max chip rev:     v3.99 [0m
[0;32mI (319) efuse_init: Chip rev:         v3.1[0m
[0;32mI (324) heap_init: Initializing. RAM available for dynamic allocation:[0m
[0;32mI (330) heap_init: At 3FFAE6E0 len 00001920 (6 KiB): DRAM[0m
[0;32mI (335) heap_init: At 3FFB3A78 len 0002C588 (177 KiB): DRAM[0m
[0;32mI (340) heap_init: At 3FFE0440 len 00003AE0 (14 KiB): D/IRAM[0m
[0;32mI (345) heap_init: At 3FFE4350 len 0001BCB0 (111 KiB): D/IRAM[0m
[0;32mI (351) heap_init: At 4008D748 len 000128B8 (74 KiB): IRAM[0m
[0;32mI (358) spi_flash: detected chip: generic[0m
[0;32mI (360) spi_flash: flash io: dio[0m
[0;33mW (363) spi_flash: Detected size(4096k) larger than the size in the binary image header(2048k). Using the size in the binary image header.[0m
[0;32mI (376) main_task: Started on CPU0[0m
[0;32mI (386) main_task: Calling app_main()[0m
[0;32mI (386) gpio: GPIO[2]| InputEn: 0| OutputEn: 0| OpenDrain: 0| Pullup: 1| Pulldown: 0| Intr:0 [0m

assert failed: tcpip_send_msg_wait_sem /IDF/components/lwip/lwip/src/api/tcpip.c:454 (Invalid mbox)


Backtrace: 0x40081a35:0x3ffb7800 0x400859c1:0x3ffb7820 0x4008c045:0x3ffb7840 0x400feddf:0x3ffb7960 0x4010b32e:0x3ffb7990 0x400fcdb5:0x3ffb79d0 0x400dead1:0x3ffb7a60 0x400deddb:0x3ffb7ac0 0x400df307:0x3ffb7b30 0x400e06c9:0x3ffb7b50 0x4011bbf5:0x3ffb7b70 0x400d9a31:0x3ffb7b90 0x400862cd:0x3ffb7bc0




ELF file SHA256: 7ad35f445

Rebooting...
ets Jul 29 2019 12:21:46

rst:0xc (SW_CPU_RESET),boot:0x13 (SPI_FAST_FLASH_BOOT)
configsip: 0, SPIWP:0xee
clk_drv:0x00,q_drv:0x00,d_drv:0x00,cs0_drv:0x00,hd_drv:0x00,wp_drv:0x00
mode:DIO, clock div:2
load:0x3fff0030,len:6276
load:0x40078000,len:15748
load:0x40080400,len:4
ho 8 tail 4 room 4
load:0x40080404,len:3860
entry 0x4008063c
[0;32mI (31) boot: ESP-IDF v5.4.1-dirty 2nd stage bootloader[0m
[0;32mI (31) boot: compile time Jun 28 2025 16:18:05[0m
[0;32mI (31) boot: Multicore bootloader[0m
[0;32mI (33) boot: chip revision: v3.1[0m
[0;32mI (36) boot.esp32: SPI Speed      : 40MHz[0m
[0;32mI (39) boot.esp32: SPI Mode       : DIO[0m
[0;32mI (43) boot.esp32: SPI Flash Size : 2MB[0m
[0;32mI (47) boot: Enabling RNG early entropy source...[0m
[0;32mI (51) boot: Partition Table:[0m
[0;32mI (54) boot: ## Label            Usage          Type ST Offset   Length[0m
[0;32mI (60) boot:  0 nvs              WiFi data        01 02 00009000 00006000[0m
[0;32mI (67) boot:  1 phy_init         RF data          01 01 0000f000 00001000[0m
[0;32mI (73) boot:  2 factory          factory app      00 00 00010000 00100000[0m
[0;32mI (80) boot: End of partition table[0m
[0;32mI (83) esp_image: segment 0: paddr=00010020 vaddr=3f400020 size=15a6ch ( 88684) map[0m
[0;32mI (121) esp_image: segment 1: paddr=00025a94 vaddr=3ff80000 size=0001ch (    28) load[0m
[0;32mI (121) esp_image: segment 2: paddr=00025ab8 vaddr=3ffb0000 size=02404h (  9220) load[0m
[0;32mI (128) esp_image: segment 3: paddr=00027ec4 vaddr=40080000 size=08154h ( 33108) load[0m
[0;32mI (145) esp_image: segment 4: paddr=00030020 vaddr=400d0020 size=4f670h (325232) map[0m
[0;32mI (256) esp_image: segment 5: paddr=0007f698 vaddr=40088154 size=055f4h ( 22004) load[0m
[0;32mI (272) boot: Loaded app from partition at offset 0x10000[0m
[0;32mI (272) boot: Disabling RNG early entropy source...[0m
[0;32mI (282) cpu_start: Multicore app[0m
[0;32mI (290) cpu_start: Pro cpu start user code[0m
[0;32mI (290) cpu_start: cpu freq: 160000000 Hz[0m
[0;32mI (291) app_init: Application information:[0m
[0;32mI (291) app_init: Project name:     mqtt_led[0m
[0;32mI (295) app_init: App version:      1[0m
[0;32mI (298) app_init: Compile time:     Jun 28 2025 16:13:13[0m
[0;32mI (303) app_init: ELF file SHA256:  7ad35f445...[0m
[0;32mI (307) app_init: ESP-IDF:          v5.4.1-dirty[0m
[0;32mI (312) efuse_init: Min chip rev:     v0.0[0m
[0;32mI (315) efuse_init: Max chip rev:     v3.99 [0m
[0;32mI (319) efuse_init: Chip rev:         v3.1[0m
[0;32mI (324) heap_init: Initializing. RAM available for dynamic allocation:[0m
[0;32mI (330) heap_init: At 3FFAE6E0 len 00001920 (6 KiB): DRAM[0m
[0;32mI (335) heap_init: At 3FFB3A78 len 0002C588 (177 KiB): DRAM[0m
[0;32mI (340) heap_init: At 3FFE0440 len 00003AE0 (14 KiB): D/IRAM[0m
[0;32mI (345) heap_init: At 3FFE4350 len 0001BCB0 (111 KiB): D/IRAM[0m
[0;32mI (351) heap_init: At 4008D748 len 000128B8 (74 KiB): IRAM[0m
[0;32mI (358) spi_flash: detected chip: generic[0m
[0;32mI (360) spi_flash: flash io: dio[0m
[0;33mW (363) spi_flash: Detected size(4096k) larger than the size in the binary image header(2048k). Using the size in the binary image header.[0m
[0;32mI (376) main_task: Started on CPU0[0m
[0;32mI (386) main_task: Calling app_main()[0m
[0;32mI (386) gpio: GPIO[2]| InputEn: 0| OutputEn: 0| OpenDrain: 0| Pullup: 1| Pulldown: 0| Intr:0 [0m

assert failed: tcpip_send_msg_wait_sem /IDF/components/lwip/lwip/src/api/tcpip.c:454 (Invalid mbox)


Backtrace: 0x40081a35:0x3ffb7800 0x400859c1:0x3ffb7820 0x4008c045:0x3ffb7840 0x400feddf:0x3ffb7960 0x4010b32e:0x3ffb7990 0x400fcdb5:0x3ffb79d0 0x400dead1:0x3ffb7a60 0x400deddb:0x3ffb7ac0 0x400df307:0x3ffb7b30 0x400e06c9:0x3ffb7b50 0x4011bbf5:0x3ffb7b70 0x400d9a31:0x3ffb7b90 0x400862cd:0x3ffb7bc0




ELF file SHA256: 7ad35f445

Rebooting...
ets Jul 29 2019 12:21:46

rst:0xc (SW_CPU_RESET),boot:0x13 (SPI_FAST_FLASH_BOOT)
configsip: 0, SPIWP:0xee
clk_drv:0x00,q_drv:0x00,d_drv:0x00,cs0_drv:0x00,hd_drv:0x00,wp_drv:0x00
mode:DIO, clock div:2
load:0x3fff0030,len:6276
load:0x40078000,len:15748
load:0x40080400,len:4
ho 8 tail 4 room 4
load:0x40080404,len:3860
entry 0x4008063c
[0;32mI (31) boot: ESP-IDF v5.4.1-dirty 2nd stage bootloader[0m
[0;32mI (31) boot: compile time Jun 28 2025 16:18:05[0m
[0;32mI (31) boot: Multicore bootloader[0m
[0;32mI (33) boot: chip revision: v3.1[0m
[0;32mI (36) boot.esp32: SPI Speed      : 40MHz[0m
[0;32mI (39) boot.esp32: SPI Mode       : DIO[0m
[0;32mI (43) boot.esp32: SPI Flash Size : 2MB[0m
[0;32mI (47) boot: Enabling RNG early entropy source...[0m
[0;32mI (51) boot: Partition Table:[0m
[0;32mI (54) boot: ## Label            Usage          Type ST Offset   Length[0m
[0;32mI (60) boot:  0 nvs              WiFi data        01 02 00009000 00006000[0m
[0;32mI (67) boot:  1 phy_init         RF data          01 01 0000f000 00001000[0m
[0;32mI (73) boot:  2 factory          factory app      00 00 00010000 00100000[0m
[0;32mI (80) boot: End of partition table[0m
[0;32mI (83) esp_image: segment 0: paddr=00010020 vaddr=3f400020 size=15a6ch ( 88684) map[0m
[0;32mI (121) esp_image: segment 1: paddr=00025a94 vaddr=3ff80000 size=0001ch (    28) load[0m
[0;32mI (121) esp_image: segment 2: paddr=00025ab8 vaddr=3ffb0000 size=02404h (  9220) load[0m
[0;32mI (128) esp_image: segment 3: paddr=00027ec4 vaddr=40080000 size=08154h ( 33108) load[0m
[0;32mI (145) esp_image: segment 4: paddr=00030020 vaddr=400d0020 size=4f670h (325232) map[0m
[0;32mI (256) esp_image: segment 5: paddr=0007f698 vaddr=40088154 size=055f4h ( 22004) load[0m
[0;32mI (272) boot: Loaded app from partition at offset 0x10000[0m
[0;32mI (272) boot: Disabling RNG early entropy source...[0m
[0;32mI (282) cpu_start: Multicore app[0m
[0;32mI (290) cpu_start: Pro cpu start user code[0m
[0;32mI (290) cpu_start: cpu freq: 160000000 Hz[0m
[0;32mI (291) app_init: Application information:[0m
[0;32mI (291) app_init: Project name:     mqtt_led[0m
[0;32mI (295) app_init: App version:      1[0m
[0;32mI (298) app_init: Compile time:     Jun 28 2025 16:13:13[0m
[0;32mI (303) app_init: ELF file SHA256:  7ad35f445...[0m
[0;32mI (307) app_init: ESP-IDF:          v5.4.1-dirty[0m
[0;32mI (312) efuse_init: Min chip rev:     v0.0[0m
[0;32mI (315) efuse_init: Max chip rev:     v3.99 [0m
[0;32mI (319) efuse_init: Chip rev:         v3.1[0m
[0;32mI (324) heap_init: Initializing. RAM available for dynamic allocation:[0m
[0;32mI (330) heap_init: At 3FFAE6E0 len 00001920 (6 KiB): DRAM[0m
[0;32mI (335) heap_init: At 3FFB3A78 len 0002C588 (177 KiB): DRAM[0m
[0;32mI (340) heap_init: At 3FFE0440 len 00003AE0 (14 KiB): D/IRAM[0m
[0;32mI (345) heap_init: At 3FFE4350 len 0001BCB0 (111 KiB): D/IRAM[0m
[0;32mI (351) heap_init: At 4008D748 len 000128B8 (74 KiB): IRAM[0m
[0;32mI (358) spi_flash: detected chip: generic[0m
[0;32mI (360) spi_flash: flash io: dio[0m
[0;33mW (363) spi_flash: Detected size(4096k) larger than the size in the binary image header(2048k). Using the size in the binary image header.[0m
[0;32mI (376) main_task: Started on CPU0[0m
[0;32mI (386) main_task: Calling app_main()[0m
[0;32mI (386) gpio: GPIO[2]| InputEn: 0| OutputEn: 0| OpenDrain: 0| Pullup: 1| Pulldown: 0| Intr:0 [0m

assert failed: tcpip_send_msg_wait_sem /IDF/components/lwip/lwip/src/api/tcpip.c:454 (Invalid mbox)


Backtrace: 0x40081a35:0x3ffb7800 0x400859c1:0x3ffb7820 0x4008c045:0x3ffb7840 0x400feddf:0x3ffb7960 0x4010b32e:0x3ffb7990 0x400fcdb5:0x3ffb79d0 0x400dead1:0x3ffb7a60 0x400deddb:0x3ffb7ac0 0x400df307:0x3ffb7b30 0x400e06c9:0x3ffb7b50 0x4011bbf5:0x3ffb7b70 0x400d9a31:0x3ffb7b90 0x400862cd:0x3ffb7bc0




ELF file SHA256: 7ad35f445

Rebooting...
ets Jul 29 2019 12:21:46

rst:0xc (SW_CPU_RESET),boot:0x13 (SPI_FAST_FLASH_BOOT)
configsip: 0, SPIWP:0xee
clk_drv:0x00,q_drv:0x00,d_drv:0x00,cs0_drv:0x00,hd_drv:0x00,wp_drv:0x00
mode:DIO, clock div:2
load:0x3fff0030,len:6276
load:0x40078000,len:15748
load:0x40080400,len:4
ho 8 tail 4 room 4
load:0x40080404,len:3860
entry 0x4008063c
[0;32mI (31) boot: ESP-IDF v5.4.1-dirty 2nd stage bootloader[0m
[0;32mI (31) boot: compile time Jun 28 2025 16:18:05[0m
[0;32mI (31) boot: Multicore bootloader[0m
[0;32mI (33) boot: chip revision: v3.1[0m
[0;32mI (36) boot.esp32: SPI Speed      : 40MHz[0m
[0;32mI (39) boot.esp32: SPI Mode       : DIO[0m
[0;32mI (43) boot.esp32: SPI Flash Size : 2MB[0m
[0;32mI (47) boot: Enabling RNG early entropy source...[0m
[0;32mI (51) boot: Partition Table:[0m
[0;32mI (54) boot: ## Label            Usage          Type ST Offset   Length[0m
[0;32mI (60) boot:  0 nvs              WiFi data        01 02 00009000 00006000[0m
[0;32mI (67) boot:  1 phy_init         RF data          01 01 0000f000 00001000[0m
I (73) boot:  2 factory          factory app      00 00 00010000 00100000
[0;32mI (80) boot: End of partition table[0m
[0;32mI (83) esp_image: segment 0: paddr=00010020 vaddr=3f400020 size=15a6ch ( 88684) map[0m
[0;32mI (121) esp_image: segment 1: paddr=00025a94 vaddr=3ff80000 size=0001ch (    28) load[0m
[0;32mI (121) esp_image: segment 2: paddr=00025ab8 vaddr=3ffb0000 size=02404h (  9220) load[0m
[0;32mI (128) esp_image: segment 3: paddr=00027ec4 vaddr=40080000 size=08154h ( 33108) load[0m
[0;32mI (145) esp_image: segment 4: paddr=00030020 vaddr=400d0020 size=4f670h (325232) map[0m
[0;32mI (256) esp_image: segment 5: paddr=0007f698 vaddr=40088154 size=055f4h ( 22004) load[0m
[0;32mI (272) boot: Loaded app from partition at offset 0x10000[0m
[0;32mI (272) boot: Disabling RNG early entropy source...[0m
[0;32mI (282) cpu_start: Multicore app[0m
[0;32mI (290) cpu_start: Pro cpu start user code[0m
[0;32mI (290) cpu_start: cpu freq: 160000000 Hz[0m
[0;32mI (291) app_init: Application information:[0m
[0;32mI (291) app_init: Project name:     mqtt_led[0m
[0;32mI (295) app_init: App version:      1[0m
[0;32mI (298) app_init: Compile time:     Jun 28 2025 16:13:13[0m
[0;32mI (303) app_init: ELF file SHA256:  7ad35f445...[0m
[0;32mI (307) app_init: ESP-IDF:          v5.4.1-dirty[0m
[0;32mI (312) efuse_init: Min chip rev:     v0.0[0m
[0;32mI (315) efuse_init: Max chip rev:     v3.99 [0m
[0;32mI (319) efuse_init: Chip rev:         v3.1[0m
[0;32mI (324) heap_init: Initializing. RAM available for dynamic allocation:[0m
[0;32mI (330) heap_init: At 3FFAE6E0 len 00001920 (6 KiB): DRAM[0m
[0;32mI (335) heap_init: At 3FFB3A78 len 0002C588 (177 KiB): DRAM[0m
[0;32mI (340) heap_init: At 3FFE0440 len 00003AE0 (14 KiB): D/IRAM[0m
[0;32mI (345) heap_init: At 3FFE4350 len 0001BCB0 (111 KiB): D/IRAM[0m
[0;32mI (351) heap_init: At 4008D748 len 000128B8 (74 KiB): IRAM[0m
[0;32mI (358) spi_flash: detected chip: generic[0m
[0;32mI (360) spi_flash: flash io: dio[0m
[0;33mW (363) spi_flash: Detected size(4096k) larger than the size in the binary image header(2048k). Using the size in the binary image header.[0m
[0;32mI (376) main_task: Started on CPU0[0m
[0;32mI (386) main_task: Calling app_main()[0m
[0;32mI (386) gpio: GPIO[2]| InputEn: 0| OutputEn: 0| OpenDrain: 0| Pullup: 1| Pulldown: 0| Intr:0 [0m

assert failed: tcpip_send_msg_wait_sem /IDF/components/lwip/lwip/src/api/tcpip.c:454 (Invalid mbox)


Backtrace: 0x40081a35:0x3ffb7800 0x400859c1:0x3ffb7820 0x4008c045:0x3ffb7840 0x400feddf:0x3ffb7960 0x4010b32e:0x3ffb7990 0x400fcdb5:0x3ffb79d0 0x400dead1:0x3ffb7a60 0x400deddb:0x3ffb7ac0 0x400df307:0x3ffb7b30 0x400e06c9:0x3ffb7b50 0x4011bbf5:0x3ffb7b70 0x400d9a31:0x3ffb7b90 0x400862cd:0x3ffb7bc0




ELF file SHA256: 7ad35f445

Rebooting...
ets Jul 29 2019 12:21:46

rst:0xc (SW_CPU_RESET),boot:0x13 (SPI_FAST_FLASH_BOOT)
configsip: 0, SPIWP:0xee
clk_drv:0x00,q_drv:0x00,d_drv:0x00,cs0_drv:0x00,hd_drv:0x00,wp_drv:0x00
mode:DIO, clock div:2
load:0x3fff0030,len:6276
load:0x40078000,len:15748
load:0x40080400,len:4
ho 8 tail 4 room 4
load:0x40080404,len:3860
entry 0x4008063c
[0;32mI (31) boot: ESP-IDF v5.4.1-dirty 2nd stage bootloader[0m
[0;32mI (31) boot: compile time Jun 28 2025 16:18:05[0m
[0;32mI (31) boot: Multicore bootloader[0m
[0;32mI (33) boot: chip revision: v3.1[0m
[0;32mI (36) boot.esp32: SPI Speed      : 40MHz[0m
[0;32mI (39) boot.esp32: SPI Mode       : DIO[0m
[0;32mI (43) boot.esp32: SPI Flash Size : 2MB[0m
[0;32mI (47) boot: Enabling RNG early entropy source...[0m
[0;32mI (51) boot: Partition Table:[0m
[0;32mI (54) boot: ## Label            Usage          Type ST Offset   Length[0m
[0;32mI (60) boot:  0 nvs              WiFi data        01 02 00009000 00006000[0m
[0;32mI (67) boot:  1 phy_init         RF data          01 01 0000f000 00001000[0m
[0;32mI (73) boot:  2 factory          factory app      00 00 00010000 00100000[0m
[0;32mI (80) boot: End of partition table[0m
[0;32mI (83) esp_image: segment 0: paddr=00010020 vaddr=3f400020 size=15a6ch ( 88684) map[0m
[0;32mI (121) esp_image: segment 1: paddr=00025a94 vaddr=3ff80000 size=0001ch (    28) load[0m
[0;32mI (121) esp_image: segment 2: paddr=00025ab8 vaddr=3ffb0000 size=02404h (  9220) load[0m
[0;32mI (128) esp_image: segment 3: paddr=00027ec4 vaddr=40080000 size=08154h ( 33108) load[0m
[0;32mI (145) esp_image: segment 4: paddr=00030020 vaddr=400d0020 size=4f670h (325232) map[0m
[0;32mI (256) esp_image: segment 5: paddr=0007f698 vaddr=40088154 size=055f4h ( 22004) load[0m
[0;32mI (272) boot: Loaded app from partition at offset 0x10000[0m
[0;32mI (272) boot: Disabling RNG early entropy source...[0m
[0;32mI (282) cpu_start: Multicore app[0m
[0;32mI (290) cpu_start: Pro cpu start user code[0m
[0;32mI (290) cpu_start: cpu freq: 160000000 Hz[0m
[0;32mI (291) app_init: Application information:[0m
[0;32mI (291) app_init: Project name:     mqtt_led[0m
[0;32mI (295) app_init: App version:      1[0m
[0;32mI (298) app_init: Compile time:     Jun 28 2025 16:13:13[0m
[0;32mI (303) app_init: ELF file SHA256:  7ad35f445...[0m
[0;32mI (307) app_init: ESP-IDF:          v5.4.1-dirty[0m
[0;32mI (312) efuse_init: Min chip rev:     v0.0[0m
[0;32mI (315) efuse_init: Max chip rev:     v3.99 [0m
[0;32mI (319) efuse_init: Chip rev:         v3.1[0m
[0;32mI (324) heap_init: Initializing. RAM available for dynamic allocation:[0m
[0;32mI (330) heap_init: At 3FFAE6E0 len 00001920 (6 KiB): DRAM[0m
[0;32mI (335) heap_init: At 3FFB3A78 len 0002C588 (177 KiB): DRAM[0m
[0;32mI (340) heap_init: At 3FFE0440 len 00003AE0 (14 KiB): D/IRAM[0m
[0;32mI (345) heap_init: At 3FFE4350 len 0001BCB0 (111 KiB): D/IRAM[0m
[0;32mI (351) heap_init: At 4008D748 len 000128B8 (74 KiB): IRAM[0m
[0;32mI (358) spi_flash: detected chip: generic[0m
[0;32mI (360) spi_flash: flash io: dio[0m
[0;33mW (363) spi_flash: Detected size(4096k) larger than the size in the binary image header(2048k). Using the size in the binary image header.[0m
[0;32mI (376) main_task: Started on CPU0[0m
[0;32mI (386) main_task: Calling app_main()[0m
[0;32mI (386) gpio: GPIO[2]| InputEn: 0| OutputEn: 0| OpenDrain: 0| Pullup: 1| Pulldown: 0| Intr:0 [0m

assert failed: tcpip_send_msg_wait_sem /IDF/components/lwip/lwip/src/api/tcpip.c:454 (Invalid mbox)


Backtrace: 0x40081a35:0x3ffb7800 0x400859c1:0x3ffb7820 0x4008c045:0x3ffb7840 0x400feddf:0x3ffb7960 0x4010b32e:0x3ffb7990 0x400fcdb5:0x3ffb79d0 0x400dead1:0x3ffb7a60 0x400deddb:0x3ffb7ac0 0x400df307:0x3ffb7b30 0x400e06c9:0x3ffb7b50 0x4011bbf5:0x3ffb7b70 0x400d9a31:0x3ffb7b90 0x400862cd:0x3ffb7bc0




ELF file SHA256: 7ad35f445

Rebooting...
ets Jul 29 2019 12:21:46

rst:0xc (SW_CPU_RESET),boot:0x13 (SPI_FAST_FLASH_BOOT)
configsip: 0, SPIWP:0xee
clk_drv:0x00,q_drv:0x00,d_drv:0x00,cs0_drv:0x00,hd_drv:0x00,wp_drv:0x00
mode:DIO, clock div:2
load:0x3fff0030,len:6276
load:0x40078000,len:15748
load:0x40080400,len:4
ho 8 tail 4 room 4
load:0x40080404,len:3860
entry 0x4008063c
[0;32mI (31) boot: ESP-IDF v5.4.1-dirty 2nd stage bootloader[0m
[0;32mI (31) boot: compile time Jun 28 2025 16:18:05[0m
[0;32mI (31) boot: Multicore bootloader[0m
[0;32mI (33) boot: chip revision: v3.1[0m
[0;32mI (36) boot.esp32: SPI Speed      : 40MHz[0m
[0;32mI (39) boot.esp32: SPI Mode       : DIO[0m
[0;32mI (43) boot.esp32: SPI Flash Size : 2MB[0m
[0;32mI (47) boot: Enabling RNG early entropy source...[0m
[0;32mI (51) boot: Partition Table:[0m
[0;32mI (54) boot: ## Label            Usage          Type ST Offset   Length[0m
[0;32mI (60) boot:  0 nvs              WiFi data        01 02 00009000 00006000[0m
[0;32mI (67) boot:  1 phy_init         RF data          01 01 0000f000 00001000[0m
[0;32mI (73) boot:  2 factory          factory app      00 00 00010000 00100000[0m
[0;32mI (80) boot: End of partition table[0m
[0;32mI (83) esp_image: segment 0: paddr=00010020 vaddr=3f400020 size=15a6ch ( 88684) map[0m
[0;32mI (121) esp_image: segment 1: paddr=00025a94 vaddr=3ff80000 size=0001ch (    28) load[0m
[0;32mI (121) esp_image: segment 2: paddr=00025ab8 vaddr=3ffb0000 size=02404h (  9220) load[0m
[0;32mI (128) esp_image: segment 3: paddr=00027ec4 vaddr=40080000 size=08154h ( 33108) load[0m
[0;32mI (145) esp_image: segment 4: paddr=00030020 vaddr=400d0020 size=4f670h (325232) map[0m
[0;32mI (256) esp_image: segment 5: paddr=0007f698 vaddr=40088154 size=055f4h ( 22004) load[0m
[0;32mI (272) boot: Loaded app from partition at offset 0x10000[0m
[0;32mI (272) boot: Disabling RNG early entropy source...[0m
[0;32mI (282) cpu_start: Multicore app[0m
[0;32mI (290) cpu_start: Pro cpu start user code[0m
[0;32mI (290) cpu_start: cpu freq: 160000000 Hz[0m
[0;32mI (291) app_init: Application information:[0m
[0;32mI (291) app_init: Project name:     mqtt_led[0m
[0;32mI (295) app_init: App version:      1[0m
[0;32mI (298) app_init: Compile time:     Jun 28 2025 16:13:13[0m
[0;32mI (303) app_init: ELF file SHA256:  7ad35f445...[0m
[0;32mI (307) app_init: ESP-IDF:          v5.4.1-dirty[0m
[0;32mI (312) efuse_init: Min chip rev:     v0.0[0m
[0;32mI (315) efuse_init: Max chip rev:     v3.99 [0m
[0;32mI (319) efuse_init: Chip rev:         v3.1[0m
[0;32mI (324) heap_init: Initializing. RAM available for dynamic allocation:[0m
[0;32mI (330) heap_init: At 3FFAE6E0 len 00001920 (6 KiB): DRAM[0m
[0;32mI (335) heap_init: At 3FFB3A78 len 0002C588 (177 KiB): DRAM[0m
[0;32mI (340) heap_init: At 3FFE0440 len 00003AE0 (14 KiB): D/IRAM[0m
[0;32mI (345) heap_init: At 3FFE4350 len 0001BCB0 (111 KiB): D/IRAM[0m
[0;32mI (351) heap_init: At 4008D748 len 000128B8 (74 KiB): IRAM[0m
[0;32mI (358) spi_flash: detected chip: generic[0m
[0;32mI (360) spi_flash: flash io: dio[0m
[0;33mW (363) spi_flash: Detected size(4096k) larger than the size in the binary image header(2048k). Using the size in the binary image header.[0m
[0;32mI (376) main_task: Started on CPU0[0m
[0;32mI (386) main_task: Calling app_main()[0m
[0;32mI (386) gpio: GPIO[2]| InputEn: 0| OutputEn: 0| OpenDrain: 0| Pullup: 1| Pulldown: 0| Intr:0 [0m

assert failed: tcpip_send_msg_wait_sem /IDF/components/lwip/lwip/src/api/tcpip.c:454 (Invalid mbox)


Backtrace: 0x40081a35:0x3ffb7800 0x400859c1:0x3ffb7820 0x4008c045:0x3ffb7840 0x400feddf:0x3ffb7960 0x4010b32e:0x3ffb7990 0x400fcdb5:0x3ffb79d0 0x400dead1:0x3ffb7a60 0x400deddb:0x3ffb7ac0 0x400df307:0x3ffb7b30 0x400e06c9:0x3ffb7b50 0x4011bbf5:0x3ffb7b70 0x400d9a31:0x3ffb7b90 0x400862cd:0x3ffb7bc0




ELF file SHA256: 7ad35f445

Rebooting...
ets Jul 29 2019 12:21:46

rst:0xc (SW_CPU_RESET),boot:0x13 (SPI_FAST_FLASH_BOOT)
configsip: 0, SPIWP:0xee
clk_drv:0x00,q_drv:0x00,d_drv:0x00,cs0_drv:0x00,hd_drv:0x00,wp_drv:0x00
mode:DIO, clock div:2
load:0x3fff0030,len:6276
load:0x40078000,len:15748
load:0x40080400,len:4
ho 8 tail 4 room 4
load:0x40080404,len:3860
entry 0x4008063c
[0;32mI (31) boot: ESP-IDF v5.4.1-dirty 2nd stage bootloader[0m
[0;32mI (31) boot: compile time Jun 28 2025 16:18:05[0m
[0;32mI (31) boot: Multicore bootloader[0m
[0;32mI (33) boot: chip revision: v3.1[0m
[0;32mI (36) boot.esp32: SPI Speed      : 40MHz[0m
[0;32mI (39) boot.esp32: SPI Mode       : DIO[0m
[0;32mI (43) boot.esp32: SPI Flash Size : 2MB[0m
[0;32mI (47) boot: Enabling RNG early entropy source...[0m
[0;32mI (51) boot: Partition Table:[0m
[0;32mI (54) boot: ## Label            Usage          Type ST Offset   Length[0m
[0;32mI (60) boot:  0 nvs              WiFi data        01 02 00009000 00006000[0m
[0;32mI (67) boot:  1 phy_init         RF data          01 01 0000f000 00001000[0m
[0;32mI (73) boot:  2 factory          factory app      00 00 00010000 00100000[0m
[0;32mI (80) boot: End of partition table[0m
[0;32mI (83) esp_image: segment 0: paddr=00010020 vaddr=3f400020 size=15a6ch ( 88684) map[0m
[0;32mI (121) esp_image: segment 1: paddr=00025a94 vaddr=3ff80000 size=0001ch (    28) load[0m
[0;32mI (121) esp_image: segment 2: paddr=00025ab8 vaddr=3ffb0000 size=02404h (  9220) load[0m
[0;32mI (128) esp_image: segment 3: paddr=00027ec4 vaddr=40080000 size=08154h ( 33108) load[0m
[0;32mI (145) esp_image: segment 4: paddr=00030020 vaddr=400d0020 size=4f670h (325232) map[0m
[0;32mI (256) esp_image: segment 5: paddr=0007f698 vaddr=40088154 size=055f4h ( 22004) load[0m
[0;32mI (272) boot: Loaded app from partition at offset 0x10000[0m
[0;32mI (272) boot: Disabling RNG early entropy source...[0m
[0;32mI (282) cpu_start: Multicore app[0m
[0;32mI (290) cpu_start: Pro cpu start user code[0m
[0;32mI (290) cpu_start: cpu freq: 160000000 Hz[0m
[0;32mI (291) app_init: Application information:[0m
[0;32mI (291) app_init: Project name:     mqtt_led[0m
[0;32mI (295) app_init: App version:      1[0m
[0;32mI (298) app_init: Compile time:     Jun 28 2025 16:13:13[0m
[0;32mI (303) app_init: ELF file SHA256:  7ad35f445...[0m
[0;32mI (307) app_init: ESP-IDF:          v5.4.1-dirty[0m
[0;32mI (312) efuse_init: Min chip rev:     v0.0[0m
[0;32mI (315) efuse_init: Max chip rev:     v3.99 [0m
[0;32mI (319) efuse_init: Chip rev:         v3.1[0m
[0;32mI (324) heap_init: Initializing. RAM available for dynamic allocation:[0m
[0;32mI (330) heap_init: At 3FFAE6E0 len 00001920 (6 KiB): DRAM[0m
[0;32mI (335) heap_init: At 3FFB3A78 len 0002C588 (177 KiB): DRAM[0m
[0;32mI (340) heap_init: At 3FFE0440 len 00003AE0 (14 KiB): D/IRAM[0m
[0;32mI (345) heap_init: At 3FFE4350 len 0001BCB0 (111 KiB): D/IRAM[0m
[0;32mI (351) heap_init: At 4008D748 len 000128B8 (74 KiB): IRAM[0m
[0;32mI (358) spi_flash: detected chip: generic[0m
[0;32mI (360) spi_flash: flash io: dio[0m
[0;33mW (363) spi_flash: Detected size(4096k) larger than the size in the binary image header(2048k). Using the size in the binary image header.[0m
[0;32mI (376) main_task: Started on CPU0[0m
[0;32mI (386) main_task: Calling app_main()[0m
[0;32mI (386) gpio: GPIO[2]| InputEn: 0| OutputEn: 0| OpenDrain: 0| Pullup: 1| Pulldown: 0| Intr:0 [0m

assert failed: tcpip_send_msg_wait_sem /IDF/components/lwip/lwip/src/api/tcpip.c:454 (Invalid mbox)


Backtrace: 0x40081a35:0x3ffb7800 0x400859c1:0x3ffb7820 0x4008c045:0x3ffb7840 0x400feddf:0x3ffb7960 0x4010b32e:0x3ffb7990 0x400fcdb5:0x3ffb79d0 0x400dead1:0x3ffb7a60 0x400deddb:0x3ffb7ac0 0x400df307:0x3ffb7b30 0x400e06c9:0x3ffb7b50 0x4011bbf5:0x3ffb7b70 0x400d9a31:0x3ffb7b90 0x400862cd:0x3ffb7bc0




ELF file SHA256: 7ad35f445

Rebooting...
ets Jul 29 2019 12:21:46

rst:0xc (SW_CPU_RESET),boot:0x13 (SPI_FAST_FLASH_BOOT)
configsip: 0, SPIWP:0xee
clk_drv:0x00,q_drv:0x00,d_drv:0x00,cs0_drv:0x00,hd_drv:0x00,wp_drv:0x00
mode:DIO, clock div:2
load:0x3fff0030,len:6276
load:0x40078000,len:15748
load:0x40080400,len:4
ho 8 tail 4 room 4
load:0x40080404,len:3860
entry 0x4008063c
[0;32mI (31) boot: ESP-IDF v5.4.1-dirty 2nd stage bootloader[0m
[0;32mI (31) boot: compile time Jun 28 2025 16:18:05[0m
[0;32mI (31) boot: Multicore bootloader[0m
[0;32mI (33) boot: chip revision: v3.1[0m
[0;32mI (36) boot.esp32: SPI Speed      : 40MHz[0m
[0;32mI (39) boot.esp32: SPI Mode       : DIO[0m
[0;32mI (43) boot.esp32: SPI Flash Size : 2MB[0m
[0;32mI (47) boot: Enabling RNG early entropy source...[0m
[0;32mI (51) boot: Partition Table:[0m
[0;32mI (54) boot: ## Label            Usage          Type ST Offset   Length[0m
[0;32mI (60) boot:  0 nvs              WiFi data        01 02 00009000 00006000[0m
[0;32mI (67) boot:  1 phy_init         RF data          01 01 0000f000 00001000[0m
[0;32mI (73) boot:  2 factory          factory app      00 00 00010000 00100000[0m
[0;32mI (80) boot: End of partition table[0m
[0;32mI (83) esp_image: segment 0: paddr=00010020 vaddr=3f400020 size=15a6ch ( 88684) map[0m
[0;32mI (121) esp_image: segment 1: paddr=00025a94 vaddr=3ff80000 size=0001ch (    28) load[0m
[0;32mI (121) esp_image: segment 2: paddr=00025ab8 vaddr=3ffb0000 size=02404h (  9220) load[0m
[0;32mI (128) esp_image: segment 3: paddr=00027ec4 vaddr=40080000 size=08154h ( 33108) load[0m
[0;32mI (145) esp_image: segment 4: paddr=00030020 vaddr=400d0020 size=4f670h (325232) map[0m
[0;32mI (256) esp_image: segment 5: paddr=0007f698 vaddr=40088154 size=055f4h ( 22004) load[0m
[0;32mI (272) boot: Loaded app from partition at offset 0x10000[0m
[0;32mI (272) boot: Disabling RNG early entropy source...[0m
[0;32mI (282) cpu_start: Multicore app[0m
[0;32mI (290) cpu_start: Pro cpu start user code[0m
[0;32mI (290) cpu_start: cpu freq: 160000000 Hz[0m
[0;32mI (291) app_init: Application information:[0m
[0;32mI (291) app_init: Project name:     mqtt_led[0m
[0;32mI (295) app_init: App version:      1[0m
[0;32mI (298) app_init: Compile time:     Jun 28 2025 16:13:13[0m
[0;32mI (303) app_init: ELF file SHA256:  7ad35f445...[0m
[0;32mI (307) app_init: ESP-IDF:          v5.4.1-dirty[0m
[0;32mI (312) efuse_init: Min chip rev:     v0.0[0m
[0;32mI (315) efuse_init: Max chip rev:     v3.99 [0m
[0;32mI (319) efuse_init: Chip rev:         v3.1[0m
[0;32mI (324) heap_init: Initializing. RAM available for dynamic allocation:[0m
[0;32mI (330) heap_init: At 3FFAE6E0 len 00001920 (6 KiB): DRAM[0m
